Microchip MPLAB XC8 Compiler V2.10 ()

Linker command line:

-W-3 --edf=C:\Program Files (x86)\Microchip\xc8\v2.10\pic\dat\en_msgs.txt \
  -cs -h+dist/default/production\electric-water-heater.X.production.sym \
  --cmf=dist/default/production\electric-water-heater.X.production.cmf -z \
  -Q16F877A -oC:\Users\Hassan\AppData\Local\Temp\s43k.2 \
  --defsym=__MPLAB_BUILD=1 \
  -Mdist/default/production/electric-water-heater.X.production.map -E1 \
  -ver=XC8 --acfsm=1493 -ASTACK=0110h-016Fh -pstack=STACK \
  -ACODE=00h-07FFhx4 -ASTRCODE=00h-01FFFh -ASTRING=00h-0FFhx32 \
  -ACONST=00h-0FFhx32 -AENTRY=00h-0FFhx32 -ACOMMON=070h-07Fh \
  -ABANK0=020h-06Fh -ABANK1=0A0h-0EFh -ABANK2=0110h-016Fh \
  -ABANK3=0190h-01EFh -ARAM=020h-06Fh,0A0h-0EFh,0110h-016Fh,0190h-01EFh \
  -AABS1=020h-07Fh,0A0h-0EFh,0110h-016Fh,0190h-01EFh -ASFR0=00h-01Fh \
  -ASFR1=080h-09Fh -ASFR2=0100h-010Fh -ASFR3=0180h-018Fh \
  -preset_vec=00h,intentry=04h,init,end_init -ppowerup=CODE -pcinit=CODE \
  -pfunctab=ENTRY -ACONFIG=02007h-02007h -pconfig=CONFIG -DCONFIG=2 \
  -AIDLOC=02000h-02003h -pidloc=IDLOC -DIDLOC=2 -AEEDATA=00h-0FFh/02100h \
  -peeprom_data=EEDATA -DEEDATA=2 -DCODE=2 -DSTRCODE=2 -DSTRING=2 -DCONST=2 \
  -DENTRY=2 -k C:\Users\Hassan\AppData\Local\Temp\s43k.o \
  dist/default/production\electric-water-heater.X.production.o 

Object code version is 3.11

Machine type is 16F877A



                Name                               Link     Load   Length Selector   Space Scale
C:\Users\Hassan\AppData\Local\Temp\s43k.o
                end_init                             12       12        3        8       0
                reset_vec                             0        0        3        0       0
                config                             2007     2007        1     400E       0
dist/default/production\electric-water-heater.X.production.o
                cinit                                15       15       21        8       0
                functab                              36       36       19       6C       0
                intentry                              4        4        E        8       0
                text43                              CD5      CD5       15     19AA       0
                text42                              225      225       CF       9E       0
                text41                              75E      75E       5A       9E       0
                text40                              C47      C47        4     188E       0
                text39                              6A9      6A9       5B       9E       0
                text38                              CA3      CA3        D     1946       0
                text37                              CEA      CEA       17     19D4       0
                text36                              CB0      CB0       12     1960       0
                text35                              CC2      CC2       13     1984       0
                text34                              D18      D18       19     1A30       0
                text33                               4F       4F       F5       9E       0
                text32                              DC1      DC1       2C     1B82       0
                text31                              C97      C97        C     192E       0
                text30                              C67      C67        9     18CE       0
                text29                              C70      C70        9     18E0       0
                text28                              C79      C79        9     18F2       0
                text27                              F58      F58       4F     1EB0       0
                text26                              F0A      F0A       4E     1E14       0
                text25                              144      144       E1       9E       0
                text24                              DED      DED       2D     1BDA       0
                text23                              E1A      E1A       37     1C34       0
                text22                              D4B      D4B       24     1A96       0
                text21                              C4F      C4F        8     189E       0
                text20                              C8C      C8C        B     1918       0
                text19                              FA7      FA7       59     1F4E       0
                text18                              D01      D01       17     1A02       0
                text17                              4F7      4F7       8C       9E       0
                text16                              D6F      D6F       29     1ADE       0
                text15                              D31      D31       1A     1A62       0
                text14                              C82      C82        A     1904       0
                text13                              E51      E51       3A     1CA2       0
                text12                              E8B      E8B       3C     1D16       0
                text11                              C4B      C4B        4     1896       0
                text10                              583      583       66       9E       0
                text9                               7B8      7B8       46       9E       0
                text8                               EC7      EC7       43     1D8E       0
                text7                               3B3      3B3       B3       9E       0
                text6                               2F4      2F4       BF       9E       0
                text5                               704      704       5A       9E       0
                text4                               466      466       91       9E       0
                text3                               5E9      5E9       65       9E       0
                text2                               C57      C57        8     18AE       0
                text1                               D98      D98       29     1B30       0
                maintext                            64E      64E       5B       9E       0
                cstackBANK0                          4E       4E       17       20       1
                cstackCOMMON                         70       70        B       70       1
                clrtext                             C5F      C5F        8     18BE       0
                dataBANK0                            65       65        2       20       1
                bssBANK0                             20       20       2E       20       1
                dataCOMMON                           7D       7D        1       70       1
                bssCOMMON                            7B       7B        2       70       1
                idataBANK0                          7FE      7FE        2       9E       0
                idataCOMMON                           3        3        1        0       0

TOTAL           Name                               Link     Load   Length     Space
        CLASS   STACK          

        CLASS   CODE           
                end_init                             12       12        3         0
                cinit                                15       15       21         0
                intentry                              4        4        E         0
                reset_vec                             0        0        3         0
                text43                              CD5      CD5       15         0
                text42                              225      225       CF         0
                text41                              75E      75E       5A         0
                text40                              C47      C47        4         0
                text39                              6A9      6A9       5B         0
                text38                              CA3      CA3        D         0
                text37                              CEA      CEA       17         0
                text36                              CB0      CB0       12         0
                text35                              CC2      CC2       13         0
                text34                              D18      D18       19         0
                text33                               4F       4F       F5         0
                text32                              DC1      DC1       2C         0
                text31                              C97      C97        C         0
                text30                              C67      C67        9         0
                text29                              C70      C70        9         0
                text28                              C79      C79        9         0
                text27                              F58      F58       4F         0
                text26                              F0A      F0A       4E         0
                text25                              144      144       E1         0
                text24                              DED      DED       2D         0
                text23                              E1A      E1A       37         0
                text22                              D4B      D4B       24         0
                text21                              C4F      C4F        8         0
                text20                              C8C      C8C        B         0
                text19                              FA7      FA7       59         0
                text18                              D01      D01       17         0
                text17                              4F7      4F7       8C         0
                text16                              D6F      D6F       29         0
                text15                              D31      D31       1A         0
                text14                              C82      C82        A         0
                text13                              E51      E51       3A         0
                text12                              E8B      E8B       3C         0
                text11                              C4B      C4B        4         0
                text10                              583      583       66         0
                text9                               7B8      7B8       46         0
                text8                               EC7      EC7       43         0
                text7                               3B3      3B3       B3         0
                text6                               2F4      2F4       BF         0
                text5                               704      704       5A         0
                text4                               466      466       91         0
                text3                               5E9      5E9       65         0
                text2                               C57      C57        8         0
                text1                               D98      D98       29         0
                maintext                            64E      64E       5B         0
                clrtext                             C5F      C5F        8         0
                idataBANK0                          7FE      7FE        2         0
                idataCOMMON                           3        3        1         0

        CLASS   STRCODE        

        CLASS   STRING         

        CLASS   CONST          

        CLASS   ENTRY          
                functab                              36       36       19         0

        CLASS   COMMON         
                cstackCOMMON                         70       70        B         1
                dataCOMMON                           7D       7D        1         1
                bssCOMMON                            7B       7B        2         1

        CLASS   BANK0          
                cstackBANK0                          4E       4E       17         1
                dataBANK0                            65       65        2         1
                bssBANK0                             20       20       2E         1

        CLASS   BANK1          

        CLASS   BANK2          

        CLASS   BANK3          

        CLASS   RAM            

        CLASS   ABS1           
                abs_s1                               7E       7E        2         1

        CLASS   SFR0           

        CLASS   SFR1           

        CLASS   SFR2           

        CLASS   SFR3           

        CLASS   CONFIG         
                config                             2007     2007        1         0

        CLASS   IDLOC          

        CLASS   EEDATA         



SEGMENTS        Name                           Load    Length   Top    Selector   Space  Class     Delta

                reset_vec                      000000  000004  000004         0       0  CODE        2
                intentry                       000004  000032  000036         8       0  CODE        2
                bssBANK0                       000020  000047  000067        20       1  BANK0       1
                functab                        000036  000019  00004F        6C       0  ENTRY       2
                cstackCOMMON                   000070  00000E  00007E        70       1  COMMON      1
                text33                         00004F  0007B1  000800        9E       0  CODE        2
                text40                         000C47  000004  000C4B      188E       0  CODE        2
                text11                         000C4B  000004  000C4F      1896       0  CODE        2
                text21                         000C4F  000008  000C57      189E       0  CODE        2
                text2                          000C57  000008  000C5F      18AE       0  CODE        2
                clrtext                        000C5F  000008  000C67      18BE       0  CODE        2
                text30                         000C67  000009  000C70      18CE       0  CODE        2
                text29                         000C70  000009  000C79      18E0       0  CODE        2
                text28                         000C79  000009  000C82      18F2       0  CODE        2
                text14                         000C82  00000A  000C8C      1904       0  CODE        2
                text20                         000C8C  00000B  000C97      1918       0  CODE        2
                text31                         000C97  00000C  000CA3      192E       0  CODE        2
                text38                         000CA3  00000D  000CB0      1946       0  CODE        2
                text36                         000CB0  000012  000CC2      1960       0  CODE        2
                text35                         000CC2  000013  000CD5      1984       0  CODE        2
                text43                         000CD5  000015  000CEA      19AA       0  CODE        2
                text37                         000CEA  000017  000D01      19D4       0  CODE        2
                text18                         000D01  000017  000D18      1A02       0  CODE        2
                text34                         000D18  000019  000D31      1A30       0  CODE        2
                text15                         000D31  00001A  000D4B      1A62       0  CODE        2
                text22                         000D4B  000024  000D6F      1A96       0  CODE        2
                text16                         000D6F  000029  000D98      1ADE       0  CODE        2
                text1                          000D98  000029  000DC1      1B30       0  CODE        2
                text32                         000DC1  00002C  000DED      1B82       0  CODE        2
                text24                         000DED  00002D  000E1A      1BDA       0  CODE        2
                text23                         000E1A  000037  000E51      1C34       0  CODE        2
                text13                         000E51  00003A  000E8B      1CA2       0  CODE        2
                text12                         000E8B  00003C  000EC7      1D16       0  CODE        2
                text8                          000EC7  000043  000F0A      1D8E       0  CODE        2
                text26                         000F0A  00004E  000F58      1E14       0  CODE        2
                text27                         000F58  00004F  000FA7      1EB0       0  CODE        2
                text19                         000FA7  000059  001000      1F4E       0  CODE        2
                config                         002007  000001  002008      400E       0  CONFIG      2


UNUSED ADDRESS RANGES

        Name                Unused          Largest block    Delta
        BANK0            0067-006F              9           1
        BANK1            00A0-00EF             50           1
        BANK2            0110-016F             60           1
        BANK3            0190-01EF             60           1
        CODE             0800-0C46            447           2
                         1000-1FFF            800
        CONST            0800-0C46            100           2
                         1000-1FFF            100
        EEDATA           2100-21FF            100           2
        ENTRY            0800-0C46            100           2
                         1000-1FFF            100
        IDLOC            2000-2003              4           2
        RAM              0067-006F              9           1
                         00A0-00EF             50
                         0110-016F             60
                         0190-01EF             60
        SFR0             0000-001F             20           1
        SFR1             0080-009F             20           1
        SFR2             0100-010F             10           1
        SFR3             0180-018F             10           1
        STACK            0110-016F             60           1
        STRCODE          0800-0C46            447           2
                         1000-1FFF           1000
        STRING           0800-0C46            100           2
                         1000-1FFF            100

                                  Symbol Table

?___awmod                                                  cstackBANK0  0054
?___lwdiv                                                  cstackBANK0  0054
?___lwmod                                                  cstackBANK0  0054
_ACKDT                                                     (abs)        048D
_ACKEN                                                     (abs)        048C
_ACKSTAT                                                   (abs)        048E
_CCP1M2                                                    (abs)        00BA
_CCP1M3                                                    (abs)        00BB
_CCP1X                                                     (abs)        00BD
_CCP1Y                                                     (abs)        00BC
_CCP2M2                                                    (abs)        00EA
_CCP2M3                                                    (abs)        00EB
_CCPR1L                                                    (abs)        0015
_GIE                                                       (abs)        005F
_PEIE                                                      (abs)        005E
_PEN                                                       (abs)        048A
_PIR1                                                      (abs)        000C
_PORTA                                                     (abs)        0005
_PORTB                                                     (abs)        0006
_PORTC                                                     (abs)        0007
_PORTD                                                     (abs)        0008
_PORTE                                                     (abs)        0009
_PR2                                                       (abs)        0092
_PS0                                                       (abs)        0408
_PS1                                                       (abs)        0409
_PS2                                                       (abs)        040A
_PSA                                                       (abs)        040B
_RCEN                                                      (abs)        048B
_RSEN                                                      (abs)        0489
_SEN                                                       (abs)        0488
_SSPADD                                                    (abs)        0093
_SSPBUF                                                    (abs)        0013
_SSPCON2                                                   (abs)        0091
_SSPEN                                                     (abs)        00A5
_SSPIF                                                     (abs)        0063
_SSPM0                                                     (abs)        00A0
_SSPM1                                                     (abs)        00A1
_SSPM2                                                     (abs)        00A2
_SSPM3                                                     (abs)        00A3
_SSPSTAT                                                   (abs)        0094
_T0CS                                                      (abs)        040D
_T2CKPS0                                                   (abs)        0090
_T2CKPS1                                                   (abs)        0091
_TMR0IE                                                    (abs)        005D
_TMR0IF                                                    (abs)        005A
_TMR1IF                                                    (abs)        0060
_TMR2IF                                                    (abs)        0061
_TMR2ON                                                    (abs)        0092
_TRISA                                                     (abs)        0085
_TRISB                                                     (abs)        0086
_TRISC                                                     (abs)        0087
_TRISD                                                     (abs)        0088
_TRISE                                                     (abs)        0089
__CFG_BOREN$ON                                             (abs)        0000
__CFG_CP$OFF                                               (abs)        0000
__CFG_CPD$OFF                                              (abs)        0000
__CFG_FOSC$HS                                              (abs)        0000
__CFG_LVP$OFF                                              (abs)        0000
__CFG_PWRTE$ON                                             (abs)        0000
__CFG_WDTE$OFF                                             (abs)        0000
__CFG_WRT$OFF                                              (abs)        0000
__Habs1                                                    abs1         0000
__Hbank0                                                   bank0        0000
__Hbank1                                                   bank1        0000
__Hbank2                                                   bank2        0000
__Hbank3                                                   bank3        0000
__HbssBANK0                                                bssBANK0     0000
__HbssCOMMON                                               bssCOMMON    0000
__Hcinit                                                   cinit        0036
__Hclrtext                                                 clrtext      0000
__Hcode                                                    code         0000
__Hcommon                                                  common       0000
__Hconfig                                                  config       2008
__HcstackBANK0                                             cstackBANK0  0000
__HcstackCOMMON                                            cstackCOMMON 0000
__HdataBANK0                                               dataBANK0    0000
__HdataCOMMON                                              dataCOMMON   0000
__Heeprom_data                                             eeprom_data  0000
__Hend_init                                                end_init     0015
__Hfunctab                                                 functab      004F
__HidataBANK0                                              idataBANK0   0000
__HidataCOMMON                                             idataCOMMON  0000
__Hidloc                                                   idloc        0000
__Hinit                                                    init         0012
__Hintentry                                                intentry     0012
__Hmaintext                                                maintext     0000
__Hpowerup                                                 powerup      0000
__Hram                                                     ram          0000
__Hreset_vec                                               reset_vec    0003
__Hsfr0                                                    sfr0         0000
__Hsfr1                                                    sfr1         0000
__Hsfr2                                                    sfr2         0000
__Hsfr3                                                    sfr3         0000
__Hspace_0                                                 (abs)        2008
__Hspace_1                                                 (abs)        007E
__Hspace_2                                                 (abs)        0000
__Hspace_3                                                 (abs)        0000
__Hstack                                                   stack        0000
__Hstrings                                                 strings      0000
__Htext                                                    text         0000
__Labs1                                                    abs1         0000
__Lbank0                                                   bank0        0000
__Lbank1                                                   bank1        0000
__Lbank2                                                   bank2        0000
__Lbank3                                                   bank3        0000
__LbssBANK0                                                bssBANK0     0000
__LbssCOMMON                                               bssCOMMON    0000
__Lcinit                                                   cinit        0015
__Lclrtext                                                 clrtext      0000
__Lcode                                                    code         0000
__Lcommon                                                  common       0000
__Lconfig                                                  config       2007
__LcstackBANK0                                             cstackBANK0  0000
__LcstackCOMMON                                            cstackCOMMON 0000
__LdataBANK0                                               dataBANK0    0000
__LdataCOMMON                                              dataCOMMON   0000
__Leeprom_data                                             eeprom_data  0000
__Lend_init                                                end_init     0012
__Lfunctab                                                 functab      0036
__LidataBANK0                                              idataBANK0   0000
__LidataCOMMON                                             idataCOMMON  0000
__Lidloc                                                   idloc        0000
__Linit                                                    init         0012
__Lintentry                                                intentry     0004
__Lmaintext                                                maintext     0000
__Lpowerup                                                 powerup      0000
__Lram                                                     ram          0000
__Lreset_vec                                               reset_vec    0000
__Lsfr0                                                    sfr0         0000
__Lsfr1                                                    sfr1         0000
__Lsfr2                                                    sfr2         0000
__Lsfr3                                                    sfr3         0000
__Lspace_0                                                 (abs)        0000
__Lspace_1                                                 (abs)        0000
__Lspace_2                                                 (abs)        0000
__Lspace_3                                                 (abs)        0000
__Lstack                                                   stack        0000
__Lstrings                                                 strings      0000
__Ltext                                                    text         0000
__S0                                                       (abs)        2008
__S1                                                       (abs)        007E
__S2                                                       (abs)        0000
__S3                                                       (abs)        0000
___awmod                                                   text39       06A9
___awmod@counter                                           cstackBANK0  0059
___awmod@dividend                                          cstackBANK0  0056
___awmod@divisor                                           cstackBANK0  0054
___awmod@sign                                              cstackBANK0  005A
___bmul                                                    text18       0D01
___bmul@multiplicand                                       cstackBANK0  0054
___bmul@multiplier                                         cstackBANK0  0057
___bmul@product                                            cstackBANK0  0056
___int_sp                                                  stack        0000
___latbits                                                 (abs)        0002
___lwdiv                                                   text9        07B8
___lwdiv@counter                                           cstackBANK0  005B
___lwdiv@dividend                                          cstackBANK0  0056
___lwdiv@divisor                                           cstackBANK0  0054
___lwdiv@quotient                                          cstackBANK0  0059
___lwmod                                                   text12       0E8B
___lwmod@counter                                           cstackBANK0  0059
___lwmod@dividend                                          cstackBANK0  0056
___lwmod@divisor                                           cstackBANK0  0054
___sp                                                      stack        0000
___stackhi                                                 (abs)        0000
___stacklo                                                 (abs)        0000
__end_of___awmod                                           text39       0704
__end_of___bmul                                            text18       0D18
__end_of___lwdiv                                           text9        07FE
__end_of___lwmod                                           text12       0EC7
__end_of__fptable                                          functab      0046
__end_of__i1fptable                                        functab      004F
__end_of__initialization                                   cinit        0032
__end_of_counter_u8_get_counter                            text40       0C4B
__end_of_counter_vid_init                                  text26       0F58
__end_of_counter_vid_update                                text6        03B3
__end_of_dio_u8_read_pin_value                             text15       0D4B
__end_of_dio_u8_read_port_value                            text16       0D98
__end_of_dio_vid_set_pin_direction                         text33       0144
__end_of_dio_vid_set_pin_value                             text25       0225
__end_of_dio_vid_set_port_direction                        text23       0E51
__end_of_dio_vid_set_port_value                            text24       0E1A
__end_of_display_init                                      text19       1000
__end_of_display_set_setting_mode                          text14       0C8C
__end_of_display_vid_update                                text5        075E
__end_of_eeprom_external_vid_read                          text27       0FA7
__end_of_eeprom_external_vid_write                         text13       0E8B
__end_of_i2c_u8_master_read_byte                           text37       0D01
__end_of_i2c_u8_master_write_byte                          text36       0CC2
__end_of_i2c_u8_master_write_slave_address_with_read_req   text35       0CD5
__end_of_i2c_u8_master_write_slave_address_with_write_req  text34       0D31
__end_of_i2c_vid_master_init                               text32       0DED
__end_of_i2c_vid_nack                                      text31       0CA3
__end_of_i2c_vid_restart                                   text30       0C70
__end_of_i2c_vid_start                                     text29       0C79
__end_of_i2c_vid_stop                                      text28       0C82
__end_of_i2c_vid_wait                                      text38       0CB0
__end_of_main                                              maintext     06A9
__end_of_sch_u8_add_task                                   text17       0583
__end_of_sch_update                                        text42       02F4
__end_of_sch_vid_delete_task                               text10       05E9
__end_of_sch_vid_dispatch_tasks                            text4        04F7
__end_of_sch_vid_init                                      text1        0DC1
__end_of_ssd_u8_get_code                                   text8        0F0A
__end_of_ssd_u8_get_state                                  text11       0C4F
__end_of_ssd_vid_init                                      text22       0D6F
__end_of_ssd_vid_set_state                                 text21       0C57
__end_of_ssd_vid_set_symbol                                text20       0C97
__end_of_ssd_vid_update                                    text7        0466
__end_of_timer_isr                                         text41       07B8
__end_of_timer_vid_init_0                                  text3        064E
__end_of_timer_vid_set_isr_0                               text2        0C5F
__end_ofi1___bmul                                          text43       0CEA
__fptable                                                  functab      0036
__i1fptable                                                functab      0046
__initialization                                           cinit        0015
__pbssBANK0                                                bssBANK0     0020
__pbssCOMMON                                               bssCOMMON    007B
__pcstackBANK0                                             cstackBANK0  004E
__pcstackCOMMON                                            cstackCOMMON 0070
__pdataBANK0                                               dataBANK0    0065
__pdataCOMMON                                              dataCOMMON   007D
__pfunctab                                                 functab      0036
__pidataBANK0                                              idataBANK0   07FE
__pidataCOMMON                                             idataCOMMON  0003
__pintentry                                                intentry     0004
__pmaintext                                                maintext     064E
__ptext1                                                   text1        0D98
__ptext10                                                  text10       0583
__ptext11                                                  text11       0C4B
__ptext12                                                  text12       0E8B
__ptext13                                                  text13       0E51
__ptext14                                                  text14       0C82
__ptext15                                                  text15       0D31
__ptext16                                                  text16       0D6F
__ptext17                                                  text17       04F7
__ptext18                                                  text18       0D01
__ptext19                                                  text19       0FA7
__ptext2                                                   text2        0C57
__ptext20                                                  text20       0C8C
__ptext21                                                  text21       0C4F
__ptext22                                                  text22       0D4B
__ptext23                                                  text23       0E1A
__ptext24                                                  text24       0DED
__ptext25                                                  text25       0144
__ptext26                                                  text26       0F0A
__ptext27                                                  text27       0F58
__ptext28                                                  text28       0C79
__ptext29                                                  text29       0C70
__ptext3                                                   text3        05E9
__ptext30                                                  text30       0C67
__ptext31                                                  text31       0C97
__ptext32                                                  text32       0DC1
__ptext33                                                  text33       004F
__ptext34                                                  text34       0D18
__ptext35                                                  text35       0CC2
__ptext36                                                  text36       0CB0
__ptext37                                                  text37       0CEA
__ptext38                                                  text38       0CA3
__ptext39                                                  text39       06A9
__ptext4                                                   text4        0466
__ptext40                                                  text40       0C47
__ptext41                                                  text41       075E
__ptext42                                                  text42       0225
__ptext43                                                  text43       0CD5
__ptext5                                                   text5        0704
__ptext6                                                   text6        02F4
__ptext7                                                   text7        03B3
__ptext8                                                   text8        0EC7
__ptext9                                                   text9        07B8
__size_of___awmod                                          (abs)        0000
__size_of___bmul                                           (abs)        0000
__size_of___lwdiv                                          (abs)        0000
__size_of___lwmod                                          (abs)        0000
__size_of__fptable                                         (abs)        0000
__size_of__i1fptable                                       (abs)        0000
__size_of_counter_u8_get_counter                           (abs)        0000
__size_of_counter_vid_init                                 (abs)        0000
__size_of_counter_vid_update                               (abs)        0000
__size_of_dio_u8_read_pin_value                            (abs)        0000
__size_of_dio_u8_read_port_value                           (abs)        0000
__size_of_dio_vid_set_pin_direction                        (abs)        0000
__size_of_dio_vid_set_pin_value                            (abs)        0000
__size_of_dio_vid_set_port_direction                       (abs)        0000
__size_of_dio_vid_set_port_value                           (abs)        0000
__size_of_display_init                                     (abs)        0000
__size_of_display_set_setting_mode                         (abs)        0000
__size_of_display_vid_update                               (abs)        0000
__size_of_eeprom_external_vid_read                         (abs)        0000
__size_of_eeprom_external_vid_write                        (abs)        0000
__size_of_i2c_u8_master_read_byte                          (abs)        0000
__size_of_i2c_u8_master_write_byte                         (abs)        0000
__size_of_i2c_u8_master_write_slave_address_with_read_req  (abs)        0000
__size_of_i2c_u8_master_write_slave_address_with_write_req (abs)        0000
__size_of_i2c_vid_master_init                              (abs)        0000
__size_of_i2c_vid_nack                                     (abs)        0000
__size_of_i2c_vid_restart                                  (abs)        0000
__size_of_i2c_vid_start                                    (abs)        0000
__size_of_i2c_vid_stop                                     (abs)        0000
__size_of_i2c_vid_wait                                     (abs)        0000
__size_of_main                                             (abs)        0000
__size_of_sch_u8_add_task                                  (abs)        0000
__size_of_sch_update                                       (abs)        0000
__size_of_sch_vid_delete_task                              (abs)        0000
__size_of_sch_vid_dispatch_tasks                           (abs)        0000
__size_of_sch_vid_init                                     (abs)        0000
__size_of_ssd_u8_get_code                                  (abs)        0000
__size_of_ssd_u8_get_state                                 (abs)        0000
__size_of_ssd_vid_init                                     (abs)        0000
__size_of_ssd_vid_set_state                                (abs)        0000
__size_of_ssd_vid_set_symbol                               (abs)        0000
__size_of_ssd_vid_update                                   (abs)        0000
__size_of_timer_isr                                        (abs)        0000
__size_of_timer_vid_init_0                                 (abs)        0000
__size_of_timer_vid_set_isr_0                              (abs)        0000
__size_ofi1___bmul                                         (abs)        0000
_buttonPressedFlag                                         bssBANK0     004D
_counter                                                   dataBANK0    0066
_counter_u8_get_counter                                    text40       0C47
_counter_vid_init                                          text26       0F0A
_counter_vid_update                                        text6        02F4
_dio_u8_read_pin_value                                     text15       0D31
_dio_u8_read_port_value                                    text16       0D6F
_dio_vid_set_pin_direction                                 text33       004F
_dio_vid_set_pin_value                                     text25       0144
_dio_vid_set_port_direction                                text23       0E1A
_dio_vid_set_port_value                                    text24       0DED
_display_init                                              text19       0FA7
_display_set_setting_mode                                  text14       0C82
_display_vid_update                                        text5        0704
_eeprom_external_vid_read                                  text27       0F58
_eeprom_external_vid_write                                 text13       0E51
_i2c_u8_master_read_byte                                   text37       0CEA
_i2c_u8_master_write_byte                                  text36       0CB0
_i2c_u8_master_write_slave_address_with_read_req           text35       0CC2
_i2c_u8_master_write_slave_address_with_write_req          text34       0D18
_i2c_vid_master_init                                       text32       0DC1
_i2c_vid_nack                                              text31       0C97
_i2c_vid_restart                                           text30       0C67
_i2c_vid_start                                             text29       0C70
_i2c_vid_stop                                              text28       0C79
_i2c_vid_wait                                              text38       0CA3
_main                                                      maintext     064E
_sch_tasks                                                 bssBANK0     0020
_sch_u8_add_task                                           text17       04F7
_sch_update                                                text42       0225
_sch_vid_delete_task                                       text10       0583
_sch_vid_dispatch_tasks                                    text4        0466
_sch_vid_init                                              text1        0D98
_settingModeCounter                                        bssBANK0     0049
_settingModeFlag                                           bssBANK0     004C
_ssdState                                                  dataBANK0    0065
_ssdSymbol                                                 bssBANK0     0047
_ssd_u8_get_code                                           text8        0EC7
_ssd_u8_get_state                                          text11       0C4B
_ssd_vid_init                                              text22       0D4B
_ssd_vid_set_state                                         text21       0C4F
_ssd_vid_set_symbol                                        text20       0C8C
_ssd_vid_update                                            text7        03B3
_timer0_isr                                                bssCOMMON    007C
_timer1_isr                                                bssCOMMON    007B
_timer2_isr                                                bssBANK0     004B
_timer_isr                                                 text41       075E
_timer_vid_init_0                                          text3        05E9
_timer_vid_set_isr_0                                       text2        0C57
btemp                                                      (abs)        007E
clear_ram0                                                 clrtext      0C5F
dio_u8_read_pin_value@index                                cstackBANK0  0057
dio_u8_read_pin_value@port                                 cstackBANK0  005A
dio_u8_read_pin_value@portNumber                           cstackBANK0  0059
dio_u8_read_port_value@portNumber                          cstackBANK0  0056
dio_vid_set_pin_direction@direction                        cstackBANK0  0055
dio_vid_set_pin_direction@index                            cstackBANK0  0054
dio_vid_set_pin_direction@portNumber                       cstackBANK0  0058
dio_vid_set_pin_value@index                                cstackBANK0  0054
dio_vid_set_pin_value@portNumber                           cstackBANK0  0058
dio_vid_set_pin_value@value                                cstackBANK0  0055
dio_vid_set_port_direction@direction                       cstackBANK0  0054
dio_vid_set_port_direction@portNumber                      cstackBANK0  0057
dio_vid_set_port_value@portNumber                          cstackBANK0  005A
dio_vid_set_port_value@value                               cstackBANK0  0057
display_set_setting_mode@mode                              cstackBANK0  0055
eeprom_external_vid_read@address                           cstackBANK0  005B
eeprom_external_vid_read@data                              cstackBANK0  005C
eeprom_external_vid_write@address                          cstackBANK0  005B
eeprom_external_vid_write@data                             cstackBANK0  005A
end_of_initialization                                      cinit        0032
fpbase                                                     functab      003B
fptable                                                    functab      0036
fptotal                                                    (abs)        0006
i1___bmul                                                  text43       0CD5
i1___bmul@multiplicand                                     cstackCOMMON 0070
i1___bmul@multiplier                                       cstackCOMMON 0072
i1___bmul@product                                          cstackCOMMON 0073
i1fpbase                                                   functab      004B
i1fptable                                                  functab      0046
i1fptotal                                                  (abs)        0002
i2c_u8_master_write_byte@data                              cstackBANK0  0054
i2c_u8_master_write_slave_address_with_read_req@address    cstackBANK0  0054
i2c_u8_master_write_slave_address_with_write_req@address   cstackBANK0  0055
interrupt_function                                         intentry     0004
intlevel0                                                  functab      0036
intlevel1                                                  functab      0036
intlevel2                                                  functab      0036
intlevel3                                                  functab      0036
intlevel4                                                  functab      0036
intlevel5                                                  functab      0036
reset_vec                                                  reset_vec    0000
saved_w                                                    (abs)        007E
sch_u8_add_task@delay                                      cstackBANK0  0058
sch_u8_add_task@index                                      cstackBANK0  0063
sch_u8_add_task@period                                     cstackBANK0  005C
sch_u8_add_task@taskFunction                               cstackBANK0  0062
sch_update@index                                           cstackCOMMON 007A
sch_vid_delete_task@index                                  cstackBANK0  0059
sch_vid_dispatch_tasks@index                               cstackBANK0  0064
sch_vid_init@i                                             cstackBANK0  005B
ssd_u8_get_code@number                                     cstackBANK0  0056
ssd_vid_set_state@state                                    cstackBANK0  0055
ssd_vid_set_symbol@symbol                                  cstackBANK0  0056
ssd_vid_update@ones                                        cstackBANK0  005D
ssd_vid_update@tens                                        cstackBANK0  005E
start                                                      init         0012
start_initialization                                       cinit        0015
timer_vid_init_0@interruptEnable                           cstackBANK0  0056
timer_vid_init_0@prescaler                                 cstackBANK0  0054
timer_vid_set_isr_0@callback_function                      cstackBANK0  0055
wtemp0                                                     (abs)        007E


FUNCTION INFORMATION:

 *************** function _main *****************
 Defined at:
		line 24 in file "main.c"
 Parameters:    Size  Location     Type
		None
 Auto vars:     Size  Location     Type
		None
 Return value:  Size  Location     Type
                  2  314[None  ] int 
 Registers used:
		wreg, fsr0l, fsr0h, status,2, status,0, btemp+1, pclath, cstack
 Tracked objects:
		On entry : 
		On exit  : 
		Unchanged: 
 Data sizes:     COMMON   BANK0   BANK1   BANK3   BANK2
      Params:         0       0       0       0       0
      Locals:         0       0       0       0       0
      Temps:          0       0       0       0       0
      Totals:         0       0       0       0       0
Total ram usage:        0 bytes
 Hardware stack levels required when called:    8
 This function calls:
		_display_init
		_sch_u8_add_task
		_sch_vid_dispatch_tasks
		_sch_vid_init
 This function is called by:
		Startup code after reset
 This function uses a non-reentrant model


 *************** function _sch_vid_init *****************
 Defined at:
		line 19 in file "scheduler.c"
 Parameters:    Size  Location     Type
		None
 Auto vars:     Size  Location     Type
  i               1   13[BANK0 ] unsigned char 
 Return value:  Size  Location     Type
                  1    wreg      void 
 Registers used:
		wreg, fsr0l, fsr0h, status,2, status,0, pclath, cstack
 Tracked objects:
		On entry : 
		On exit  : 
		Unchanged: 
 Data sizes:     COMMON   BANK0   BANK1   BANK3   BANK2
      Params:         0       0       0       0       0
      Locals:         0       1       0       0       0
      Temps:          0       1       0       0       0
      Totals:         0       2       0       0       0
Total ram usage:        2 bytes
 Hardware stack levels used:    1
 Hardware stack levels required when called:    5
 This function calls:
		_sch_vid_delete_task
		_timer_vid_init_0
		_timer_vid_set_isr_0
 This function is called by:
		_main
 This function uses a non-reentrant model


 *************** function _timer_vid_set_isr_0 *****************
 Defined at:
		line 36 in file "timer.c"
 Parameters:    Size  Location     Type
  callback_fun    1    wreg     PTR FTN()void 
		 -> sch_update(1), 
 Auto vars:     Size  Location     Type
  callback_fun    1    7[BANK0 ] PTR FTN()void 
		 -> sch_update(1), 
 Return value:  Size  Location     Type
                  1    wreg      void 
 Registers used:
		wreg
 Tracked objects:
		On entry : 
		On exit  : 
		Unchanged: 
 Data sizes:     COMMON   BANK0   BANK1   BANK3   BANK2
      Params:         0       0       0       0       0
      Locals:         0       1       0       0       0
      Temps:          0       1       0       0       0
      Totals:         0       2       0       0       0
Total ram usage:        2 bytes
 Hardware stack levels used:    1
 Hardware stack levels required when called:    3
 This function calls:
		Nothing
 This function is called by:
		_sch_vid_init
 This function uses a non-reentrant model


 *************** function _timer_vid_init_0 *****************
 Defined at:
		line 48 in file "timer.c"
 Parameters:    Size  Location     Type
  prescaler       2    6[BANK0 ] unsigned short 
  interruptEna    1    8[BANK0 ] unsigned char 
 Auto vars:     Size  Location     Type
		None
 Return value:  Size  Location     Type
                  1    wreg      void 
 Registers used:
		wreg, fsr0l, fsr0h, status,2, status,0
 Tracked objects:
		On entry : 
		On exit  : 
		Unchanged: 
 Data sizes:     COMMON   BANK0   BANK1   BANK3   BANK2
      Params:         0       3       0       0       0
      Locals:         0       0       0       0       0
      Temps:          0       0       0       0       0
      Totals:         0       3       0       0       0
Total ram usage:        3 bytes
 Hardware stack levels used:    1
 Hardware stack levels required when called:    3
 This function calls:
		Nothing
 This function is called by:
		_sch_vid_init
 This function uses a non-reentrant model


 *************** function _sch_vid_dispatch_tasks *****************
 Defined at:
		line 73 in file "scheduler.c"
 Parameters:    Size  Location     Type
		None
 Auto vars:     Size  Location     Type
  index           1   22[BANK0 ] unsigned char 
 Return value:  Size  Location     Type
                  1    wreg      void 
 Registers used:
		wreg, fsr0l, fsr0h, status,2, status,0, btemp+1, pclath, cstack
 Tracked objects:
		On entry : 
		On exit  : 
		Unchanged: 
 Data sizes:     COMMON   BANK0   BANK1   BANK3   BANK2
      Params:         0       0       0       0       0
      Locals:         0       1       0       0       0
      Temps:          0       5       0       0       0
      Totals:         0       6       0       0       0
Total ram usage:        6 bytes
 Hardware stack levels used:    1
 Hardware stack levels required when called:    7
 This function calls:
		Absolute function
		___bmul
		_counter_vid_update
		_display_vid_update
		_sch_vid_delete_task
		_ssd_vid_update
 This function is called by:
		_main
 This function uses a non-reentrant model


 *************** function _display_vid_update *****************
 Defined at:
		line 39 in file "display.c"
 Parameters:    Size  Location     Type
		None
 Auto vars:     Size  Location     Type
		None
 Return value:  Size  Location     Type
                  1    wreg      void 
 Registers used:
		wreg, status,2, status,0, pclath, cstack
 Tracked objects:
		On entry : 
		On exit  : 
		Unchanged: 
 Data sizes:     COMMON   BANK0   BANK1   BANK3   BANK2
      Params:         0       0       0       0       0
      Locals:         0       0       0       0       0
      Temps:          0       0       0       0       0
      Totals:         0       0       0       0       0
Total ram usage:        0 bytes
 Hardware stack levels used:    1
 Hardware stack levels required when called:    4
 This function calls:
		___lwmod
		_counter_u8_get_counter
		_ssd_u8_get_state
		_ssd_vid_set_state
		_ssd_vid_set_symbol
 This function is called by:
		_main
		_sch_vid_dispatch_tasks
 This function uses a non-reentrant model


 *************** function _counter_vid_update *****************
 Defined at:
		line 35 in file "counter.c"
 Parameters:    Size  Location     Type
		None
 Auto vars:     Size  Location     Type
		None
 Return value:  Size  Location     Type
                  1    wreg      void 
 Registers used:
		wreg, fsr0l, fsr0h, status,2, status,0, btemp+1, pclath, cstack
 Tracked objects:
		On entry : 
		On exit  : 
		Unchanged: 
 Data sizes:     COMMON   BANK0   BANK1   BANK3   BANK2
      Params:         0       0       0       0       0
      Locals:         0       0       0       0       0
      Temps:          0       2       0       0       0
      Totals:         0       2       0       0       0
Total ram usage:        2 bytes
 Hardware stack levels used:    1
 Hardware stack levels required when called:    6
 This function calls:
		_dio_u8_read_pin_value
		_display_set_setting_mode
		_eeprom_external_vid_write
		_ssd_vid_set_symbol
 This function is called by:
		_main
		_sch_vid_dispatch_tasks
 This function uses a non-reentrant model


 *************** function _ssd_vid_update *****************
 Defined at:
		line 30 in file "ssd.c"
 Parameters:    Size  Location     Type
		None
 Auto vars:     Size  Location     Type
  tens            1   16[BANK0 ] unsigned char 
  ones            1   15[BANK0 ] unsigned char 
 Return value:  Size  Location     Type
                  1    wreg      void 
 Registers used:
		wreg, fsr0l, fsr0h, status,2, status,0, pclath, cstack
 Tracked objects:
		On entry : 
		On exit  : 
		Unchanged: 
 Data sizes:     COMMON   BANK0   BANK1   BANK3   BANK2
      Params:         0       0       0       0       0
      Locals:         0       2       0       0       0
      Temps:          0       1       0       0       0
      Totals:         0       3       0       0       0
Total ram usage:        3 bytes
 Hardware stack levels used:    1
 Hardware stack levels required when called:    5
 This function calls:
		___lwdiv
		___lwmod
		_dio_u8_read_pin_value
		_dio_vid_set_pin_value
		_dio_vid_set_port_value
		_ssd_u8_get_code
 This function is called by:
		_main
		_sch_vid_dispatch_tasks
 This function uses a non-reentrant model


 *************** function _ssd_u8_get_code *****************
 Defined at:
		line 70 in file "ssd.c"
 Parameters:    Size  Location     Type
  number          1    wreg     unsigned char 
 Auto vars:     Size  Location     Type
  number          1    8[BANK0 ] unsigned char 
 Return value:  Size  Location     Type
                  1    wreg      unsigned char 
 Registers used:
		wreg, fsr0l, fsr0h, status,2, status,0
 Tracked objects:
		On entry : 
		On exit  : 
		Unchanged: 
 Data sizes:     COMMON   BANK0   BANK1   BANK3   BANK2
      Params:         0       0       0       0       0
      Locals:         0       1       0       0       0
      Temps:          0       2       0       0       0
      Totals:         0       3       0       0       0
Total ram usage:        3 bytes
 Hardware stack levels used:    1
 Hardware stack levels required when called:    3
 This function calls:
		Nothing
 This function is called by:
		_ssd_vid_update
 This function uses a non-reentrant model


 *************** function ___lwdiv *****************
 Defined at:
		line 5 in file "C:\Program Files (x86)\Microchip\xc8\v2.10\pic\sources\c90\common\lwdiv.c"
 Parameters:    Size  Location     Type
  divisor         2    6[BANK0 ] unsigned int 
  dividend        2    8[BANK0 ] unsigned int 
 Auto vars:     Size  Location     Type
  quotient        2   11[BANK0 ] unsigned int 
  counter         1   13[BANK0 ] unsigned char 
 Return value:  Size  Location     Type
                  2    6[BANK0 ] unsigned int 
 Registers used:
		wreg, status,2, status,0
 Tracked objects:
		On entry : 
		On exit  : 
		Unchanged: 
 Data sizes:     COMMON   BANK0   BANK1   BANK3   BANK2
      Params:         0       4       0       0       0
      Locals:         0       3       0       0       0
      Temps:          0       1       0       0       0
      Totals:         0       8       0       0       0
Total ram usage:        8 bytes
 Hardware stack levels used:    1
 Hardware stack levels required when called:    3
 This function calls:
		Nothing
 This function is called by:
		_ssd_vid_update
 This function uses a non-reentrant model


 *************** function _sch_vid_delete_task *****************
 Defined at:
		line 89 in file "scheduler.c"
 Parameters:    Size  Location     Type
  index           1    wreg     unsigned char 
 Auto vars:     Size  Location     Type
  index           1   11[BANK0 ] unsigned char 
 Return value:  Size  Location     Type
                  1    wreg      unsigned char 
 Registers used:
		wreg, fsr0l, fsr0h, status,2, status,0, pclath, cstack
 Tracked objects:
		On entry : 
		On exit  : 
		Unchanged: 
 Data sizes:     COMMON   BANK0   BANK1   BANK3   BANK2
      Params:         0       0       0       0       0
      Locals:         0       1       0       0       0
      Temps:          0       1       0       0       0
      Totals:         0       2       0       0       0
Total ram usage:        2 bytes
 Hardware stack levels used:    1
 Hardware stack levels required when called:    4
 This function calls:
		___bmul
 This function is called by:
		_sch_vid_init
		_sch_vid_dispatch_tasks
 This function uses a non-reentrant model


 *************** function _ssd_u8_get_state *****************
 Defined at:
		line 61 in file "ssd.c"
 Parameters:    Size  Location     Type
		None
 Auto vars:     Size  Location     Type
		None
 Return value:  Size  Location     Type
                  1    wreg      unsigned char 
 Registers used:
		wreg
 Tracked objects:
		On entry : 
		On exit  : 
		Unchanged: 
 Data sizes:     COMMON   BANK0   BANK1   BANK3   BANK2
      Params:         0       0       0       0       0
      Locals:         0       0       0       0       0
      Temps:          0       0       0       0       0
      Totals:         0       0       0       0       0
Total ram usage:        0 bytes
 Hardware stack levels used:    1
 Hardware stack levels required when called:    3
 This function calls:
		Nothing
 This function is called by:
		_display_vid_update
 This function uses a non-reentrant model


 *************** function ___lwmod *****************
 Defined at:
		line 5 in file "C:\Program Files (x86)\Microchip\xc8\v2.10\pic\sources\c90\common\lwmod.c"
 Parameters:    Size  Location     Type
  divisor         2    6[BANK0 ] unsigned int 
  dividend        2    8[BANK0 ] unsigned int 
 Auto vars:     Size  Location     Type
  counter         1   11[BANK0 ] unsigned char 
 Return value:  Size  Location     Type
                  2    6[BANK0 ] unsigned int 
 Registers used:
		wreg, status,2, status,0
 Tracked objects:
		On entry : 
		On exit  : 
		Unchanged: 
 Data sizes:     COMMON   BANK0   BANK1   BANK3   BANK2
      Params:         0       4       0       0       0
      Locals:         0       1       0       0       0
      Temps:          0       1       0       0       0
      Totals:         0       6       0       0       0
Total ram usage:        6 bytes
 Hardware stack levels used:    1
 Hardware stack levels required when called:    3
 This function calls:
		Nothing
 This function is called by:
		_display_vid_update
		_ssd_vid_update
 This function uses a non-reentrant model


 *************** function _eeprom_external_vid_write *****************
 Defined at:
		line 11 in file "eeprom_external.c"
 Parameters:    Size  Location     Type
  address         1    wreg     unsigned char 
  data            1   12[BANK0 ] unsigned char 
 Auto vars:     Size  Location     Type
  address         1   13[BANK0 ] unsigned char 
 Return value:  Size  Location     Type
                  1    wreg      void 
 Registers used:
		wreg, fsr0l, fsr0h, status,2, status,0, pclath, cstack
 Tracked objects:
		On entry : 
		On exit  : 
		Unchanged: 
 Data sizes:     COMMON   BANK0   BANK1   BANK3   BANK2
      Params:         0       1       0       0       0
      Locals:         0       1       0       0       0
      Temps:          0       0       0       0       0
      Totals:         0       2       0       0       0
Total ram usage:        2 bytes
 Hardware stack levels used:    1
 Hardware stack levels required when called:    5
 This function calls:
		_i2c_u8_master_write_byte
		_i2c_u8_master_write_slave_address_with_write_req
		_i2c_vid_master_init
		_i2c_vid_restart
		_i2c_vid_start
		_i2c_vid_stop
 This function is called by:
		_counter_vid_update
 This function uses a non-reentrant model


 *************** function _display_set_setting_mode *****************
 Defined at:
		line 65 in file "display.c"
 Parameters:    Size  Location     Type
  mode            1    wreg     unsigned char 
 Auto vars:     Size  Location     Type
  mode            1    7[BANK0 ] unsigned char 
 Return value:  Size  Location     Type
                  1    wreg      void 
 Registers used:
		wreg, status,2
 Tracked objects:
		On entry : 
		On exit  : 
		Unchanged: 
 Data sizes:     COMMON   BANK0   BANK1   BANK3   BANK2
      Params:         0       0       0       0       0
      Locals:         0       1       0       0       0
      Temps:          0       1       0       0       0
      Totals:         0       2       0       0       0
Total ram usage:        2 bytes
 Hardware stack levels used:    1
 Hardware stack levels required when called:    3
 This function calls:
		Nothing
 This function is called by:
		_counter_vid_update
 This function uses a non-reentrant model


 *************** function _dio_u8_read_pin_value *****************
 Defined at:
		line 75 in file "dio.c"
 Parameters:    Size  Location     Type
  portNumber      1    wreg     unsigned char 
  index           1    9[BANK0 ] unsigned char 
 Auto vars:     Size  Location     Type
  portNumber      1   11[BANK0 ] unsigned char 
  port            1   12[BANK0 ] unsigned char 
 Return value:  Size  Location     Type
                  1    wreg      unsigned char 
 Registers used:
		wreg, fsr0l, fsr0h, status,2, status,0, pclath, cstack
 Tracked objects:
		On entry : 
		On exit  : 
		Unchanged: 
 Data sizes:     COMMON   BANK0   BANK1   BANK3   BANK2
      Params:         0       1       0       0       0
      Locals:         0       2       0       0       0
      Temps:          0       1       0       0       0
      Totals:         0       4       0       0       0
Total ram usage:        4 bytes
 Hardware stack levels used:    1
 Hardware stack levels required when called:    4
 This function calls:
		_dio_u8_read_port_value
 This function is called by:
		_counter_vid_update
		_ssd_vid_update
 This function uses a non-reentrant model


 *************** function _dio_u8_read_port_value *****************
 Defined at:
		line 53 in file "dio.c"
 Parameters:    Size  Location     Type
  portNumber      1    wreg     unsigned char 
 Auto vars:     Size  Location     Type
  portNumber      1    8[BANK0 ] unsigned char 
 Return value:  Size  Location     Type
                  1    wreg      unsigned char 
 Registers used:
		wreg, fsr0l, fsr0h, status,2, status,0
 Tracked objects:
		On entry : 
		On exit  : 
		Unchanged: 
 Data sizes:     COMMON   BANK0   BANK1   BANK3   BANK2
      Params:         0       0       0       0       0
      Locals:         0       1       0       0       0
      Temps:          0       2       0       0       0
      Totals:         0       3       0       0       0
Total ram usage:        3 bytes
 Hardware stack levels used:    1
 Hardware stack levels required when called:    3
 This function calls:
		Nothing
 This function is called by:
		_dio_u8_read_pin_value
 This function uses a non-reentrant model


 *************** function _sch_u8_add_task *****************
 Defined at:
		line 49 in file "scheduler.c"
 Parameters:    Size  Location     Type
  taskFunction    1    wreg     PTR FTN()void 
		 -> ssd_vid_update(1), display_vid_update(1), counter_vid_update(1), 
  delay           4   10[BANK0 ] const unsigned long 
  period          4   14[BANK0 ] const unsigned long 
 Auto vars:     Size  Location     Type
  taskFunction    1   20[BANK0 ] PTR FTN()void 
		 -> ssd_vid_update(1), display_vid_update(1), counter_vid_update(1), 
  index           1   21[BANK0 ] unsigned char 
 Return value:  Size  Location     Type
                  1    wreg      unsigned char 
 Registers used:
		wreg, fsr0l, fsr0h, status,2, status,0, pclath, cstack
 Tracked objects:
		On entry : 
		On exit  : 
		Unchanged: 
 Data sizes:     COMMON   BANK0   BANK1   BANK3   BANK2
      Params:         0       8       0       0       0
      Locals:         0       2       0       0       0
      Temps:          0       2       0       0       0
      Totals:         0      12       0       0       0
Total ram usage:       12 bytes
 Hardware stack levels used:    1
 Hardware stack levels required when called:    4
 This function calls:
		___bmul
 This function is called by:
		_main
 This function uses a non-reentrant model


 *************** function ___bmul *****************
 Defined at:
		line 4 in file "C:\Program Files (x86)\Microchip\xc8\v2.10\pic\sources\c90\common\Umul8.c"
 Parameters:    Size  Location     Type
  multiplier      1    wreg     unsigned char 
  multiplicand    1    6[BANK0 ] unsigned char 
 Auto vars:     Size  Location     Type
  multiplier      1    9[BANK0 ] unsigned char 
  product         1    8[BANK0 ] unsigned char 
 Return value:  Size  Location     Type
                  1    wreg      unsigned char 
 Registers used:
		wreg, status,2, status,0
 Tracked objects:
		On entry : 
		On exit  : 
		Unchanged: 
 Data sizes:     COMMON   BANK0   BANK1   BANK3   BANK2
      Params:         0       1       0       0       0
      Locals:         0       2       0       0       0
      Temps:          0       1       0       0       0
      Totals:         0       4       0       0       0
Total ram usage:        4 bytes
 Hardware stack levels used:    1
 Hardware stack levels required when called:    3
 This function calls:
		Nothing
 This function is called by:
		_sch_update
		_sch_u8_add_task
		_sch_vid_dispatch_tasks
		_sch_vid_delete_task
 This function uses a non-reentrant model


 *************** function _display_init *****************
 Defined at:
		line 22 in file "display.c"
 Parameters:    Size  Location     Type
		None
 Auto vars:     Size  Location     Type
		None
 Return value:  Size  Location     Type
                  1    wreg      void 
 Registers used:
		wreg, fsr0l, fsr0h, status,2, status,0, pclath, cstack
 Tracked objects:
		On entry : 
		On exit  : 
		Unchanged: 
 Data sizes:     COMMON   BANK0   BANK1   BANK3   BANK2
      Params:         0       0       0       0       0
      Locals:         0       0       0       0       0
      Temps:          0       1       0       0       0
      Totals:         0       1       0       0       0
Total ram usage:        1 bytes
 Hardware stack levels used:    1
 Hardware stack levels required when called:    7
 This function calls:
		_counter_u8_get_counter
		_counter_vid_init
		_dio_vid_set_pin_direction
		_dio_vid_set_pin_value
		_dio_vid_set_port_value
		_ssd_vid_init
		_ssd_vid_set_state
		_ssd_vid_set_symbol
 This function is called by:
		_main
 This function uses a non-reentrant model


 *************** function _ssd_vid_set_symbol *****************
 Defined at:
		line 57 in file "ssd.c"
 Parameters:    Size  Location     Type
  symbol          1    wreg     unsigned char 
 Auto vars:     Size  Location     Type
  symbol          1    8[BANK0 ] unsigned char 
 Return value:  Size  Location     Type
                  1    wreg      void 
 Registers used:
		wreg
 Tracked objects:
		On entry : 
		On exit  : 
		Unchanged: 
 Data sizes:     COMMON   BANK0   BANK1   BANK3   BANK2
      Params:         0       0       0       0       0
      Locals:         0       1       0       0       0
      Temps:          0       2       0       0       0
      Totals:         0       3       0       0       0
Total ram usage:        3 bytes
 Hardware stack levels used:    1
 Hardware stack levels required when called:    3
 This function calls:
		Nothing
 This function is called by:
		_counter_vid_update
		_display_init
		_display_vid_update
 This function uses a non-reentrant model


 *************** function _ssd_vid_set_state *****************
 Defined at:
		line 65 in file "ssd.c"
 Parameters:    Size  Location     Type
  state           1    wreg     unsigned char 
 Auto vars:     Size  Location     Type
  state           1    7[BANK0 ] unsigned char 
 Return value:  Size  Location     Type
                  1    wreg      void 
 Registers used:
		wreg
 Tracked objects:
		On entry : 
		On exit  : 
		Unchanged: 
 Data sizes:     COMMON   BANK0   BANK1   BANK3   BANK2
      Params:         0       0       0       0       0
      Locals:         0       1       0       0       0
      Temps:          0       1       0       0       0
      Totals:         0       2       0       0       0
Total ram usage:        2 bytes
 Hardware stack levels used:    1
 Hardware stack levels required when called:    3
 This function calls:
		Nothing
 This function is called by:
		_display_init
		_display_vid_update
 This function uses a non-reentrant model


 *************** function _ssd_vid_init *****************
 Defined at:
		line 24 in file "ssd.c"
 Parameters:    Size  Location     Type
		None
 Auto vars:     Size  Location     Type
		None
 Return value:  Size  Location     Type
                  1    wreg      void 
 Registers used:
		wreg, fsr0l, fsr0h, status,2, status,0, pclath, cstack
 Tracked objects:
		On entry : 
		On exit  : 
		Unchanged: 
 Data sizes:     COMMON   BANK0   BANK1   BANK3   BANK2
      Params:         0       0       0       0       0
      Locals:         0       0       0       0       0
      Temps:          0       1       0       0       0
      Totals:         0       1       0       0       0
Total ram usage:        1 bytes
 Hardware stack levels used:    1
 Hardware stack levels required when called:    4
 This function calls:
		_dio_vid_set_pin_direction
		_dio_vid_set_port_direction
 This function is called by:
		_display_init
 This function uses a non-reentrant model


 *************** function _dio_vid_set_port_direction *****************
 Defined at:
		line 12 in file "dio.c"
 Parameters:    Size  Location     Type
  portNumber      1    wreg     unsigned char 
  direction       1    6[BANK0 ] unsigned char 
 Auto vars:     Size  Location     Type
  portNumber      1    9[BANK0 ] unsigned char 
 Return value:  Size  Location     Type
                  1    wreg      void 
 Registers used:
		wreg, fsr0l, fsr0h, status,2, status,0
 Tracked objects:
		On entry : 
		On exit  : 
		Unchanged: 
 Data sizes:     COMMON   BANK0   BANK1   BANK3   BANK2
      Params:         0       1       0       0       0
      Locals:         0       1       0       0       0
      Temps:          0       2       0       0       0
      Totals:         0       4       0       0       0
Total ram usage:        4 bytes
 Hardware stack levels used:    1
 Hardware stack levels required when called:    3
 This function calls:
		Nothing
 This function is called by:
		_ssd_vid_init
 This function uses a non-reentrant model


 *************** function _dio_vid_set_port_value *****************
 Defined at:
		line 33 in file "dio.c"
 Parameters:    Size  Location     Type
  portNumber      1    wreg     unsigned char 
  value           1    9[BANK0 ] unsigned char 
 Auto vars:     Size  Location     Type
  portNumber      1   12[BANK0 ] unsigned char 
 Return value:  Size  Location     Type
                  1    wreg      void 
 Registers used:
		wreg, fsr0l, fsr0h, status,2, status,0
 Tracked objects:
		On entry : 
		On exit  : 
		Unchanged: 
 Data sizes:     COMMON   BANK0   BANK1   BANK3   BANK2
      Params:         0       1       0       0       0
      Locals:         0       1       0       0       0
      Temps:          0       2       0       0       0
      Totals:         0       4       0       0       0
Total ram usage:        4 bytes
 Hardware stack levels used:    1
 Hardware stack levels required when called:    3
 This function calls:
		Nothing
 This function is called by:
		_display_init
		_ssd_vid_update
 This function uses a non-reentrant model


 *************** function _dio_vid_set_pin_value *****************
 Defined at:
		line 80 in file "dio.c"
 Parameters:    Size  Location     Type
  portNumber      1    wreg     unsigned char 
  index           1    6[BANK0 ] unsigned char 
  value           1    7[BANK0 ] unsigned char 
 Auto vars:     Size  Location     Type
  portNumber      1   10[BANK0 ] unsigned char 
 Return value:  Size  Location     Type
                  1    wreg      void 
 Registers used:
		wreg, fsr0l, fsr0h, status,2, status,0
 Tracked objects:
		On entry : 
		On exit  : 
		Unchanged: 
 Data sizes:     COMMON   BANK0   BANK1   BANK3   BANK2
      Params:         0       2       0       0       0
      Locals:         0       1       0       0       0
      Temps:          0       2       0       0       0
      Totals:         0       5       0       0       0
Total ram usage:        5 bytes
 Hardware stack levels used:    1
 Hardware stack levels required when called:    3
 This function calls:
		Nothing
 This function is called by:
		_display_init
		_ssd_vid_update
 This function uses a non-reentrant model


 *************** function _counter_vid_init *****************
 Defined at:
		line 26 in file "counter.c"
 Parameters:    Size  Location     Type
		None
 Auto vars:     Size  Location     Type
		None
 Return value:  Size  Location     Type
                  1    wreg      void 
 Registers used:
		wreg, fsr0l, fsr0h, status,2, status,0, pclath, cstack
 Tracked objects:
		On entry : 
		On exit  : 
		Unchanged: 
 Data sizes:     COMMON   BANK0   BANK1   BANK3   BANK2
      Params:         0       0       0       0       0
      Locals:         0       0       0       0       0
      Temps:          0       2       0       0       0
      Totals:         0       2       0       0       0
Total ram usage:        2 bytes
 Hardware stack levels used:    1
 Hardware stack levels required when called:    6
 This function calls:
		___awmod
		_dio_vid_set_pin_direction
		_eeprom_external_vid_read
 This function is called by:
		_display_init
 This function uses a non-reentrant model


[...]
		_i2c_vid_start
		_i2c_vid_stop
 This function is called by:
		_counter_vid_init
 This function uses a non-reentrant model


 *************** function _i2c_vid_stop *****************
 Defined at:
		line 43 in file "i2c.c"
 Parameters:    Size  Location     Type
		None
 Auto vars:     Size  Location     Type
		None
 Return value:  Size  Location     Type
                  1    wreg      void 
 Registers used:
		wreg, status,2, status,0, pclath, cstack
 Tracked objects:
		On entry : 
		On exit  : 
		Unchanged: 
 Data sizes:     COMMON   BANK0   BANK1   BANK3   BANK2
      Params:         0       0       0       0       0
      Locals:         0       0       0       0       0
      Temps:          0       0       0       0       0
      Totals:         0       0       0       0       0
Total ram usage:        0 bytes
 Hardware stack levels used:    1
 Hardware stack levels required when called:    4
 This function calls:
		_i2c_vid_wait
 This function is called by:
		_eeprom_external_vid_write
		_eeprom_external_vid_read
 This function uses a non-reentrant model


 *************** function _i2c_vid_start *****************
 Defined at:
		line 37 in file "i2c.c"
 Parameters:    Size  Location     Type
		None
 Auto vars:     Size  Location     Type
		None
 Return value:  Size  Location     Type
                  1    wreg      void 
 Registers used:
		wreg, status,2, status,0, pclath, cstack
 Tracked objects:
		On entry : 
		On exit  : 
		Unchanged: 
 Data sizes:     COMMON   BANK0   BANK1   BANK3   BANK2
      Params:         0       0       0       0       0
      Locals:         0       0       0       0       0
      Temps:          0       0       0       0       0
      Totals:         0       0       0       0       0
Total ram usage:        0 bytes
 Hardware stack levels used:    1
 Hardware stack levels required when called:    4
 This function calls:
		_i2c_vid_wait
 This function is called by:
		_eeprom_external_vid_write
		_eeprom_external_vid_read
 This function uses a non-reentrant model


 *************** function _i2c_vid_restart *****************
 Defined at:
		line 49 in file "i2c.c"
 Parameters:    Size  Location     Type
		None
 Auto vars:     Size  Location     Type
		None
 Return value:  Size  Location     Type
                  1    wreg      void 
 Registers used:
		wreg, status,2, status,0, pclath, cstack
 Tracked objects:
		On entry : 
		On exit  : 
		Unchanged: 
 Data sizes:     COMMON   BANK0   BANK1   BANK3   BANK2
      Params:         0       0       0       0       0
      Locals:         0       0       0       0       0
      Temps:          0       0       0       0       0
      Totals:         0       0       0       0       0
Total ram usage:        0 bytes
 Hardware stack levels used:    1
 Hardware stack levels required when called:    4
 This function calls:
		_i2c_vid_wait
 This function is called by:
		_eeprom_external_vid_write
		_eeprom_external_vid_read
 This function uses a non-reentrant model


 *************** function _i2c_vid_nack *****************
 Defined at:
		line 65 in file "i2c.c"
 Parameters:    Size  Location     Type
		None
 Auto vars:     Size  Location     Type
		None
 Return value:  Size  Location     Type
                  1    wreg      void 
 Registers used:
		wreg, status,2, status,0, pclath, cstack
 Tracked objects:
		On entry : 
		On exit  : 
		Unchanged: 
 Data sizes:     COMMON   BANK0   BANK1   BANK3   BANK2
      Params:         0       0       0       0       0
      Locals:         0       0       0       0       0
      Temps:          0       0       0       0       0
      Totals:         0       0       0       0       0
Total ram usage:        0 bytes
 Hardware stack levels used:    1
 Hardware stack levels required when called:    4
 This function calls:
		_i2c_vid_wait
 This function is called by:
		_eeprom_external_vid_read
 This function uses a non-reentrant model


 *************** function _i2c_vid_master_init *****************
 Defined at:
		line 16 in file "i2c.c"
 Parameters:    Size  Location     Type
		None
 Auto vars:     Size  Location     Type
		None
 Return value:  Size  Location     Type
                  1    wreg      void 
 Registers used:
		wreg, fsr0l, fsr0h, status,2, status,0, pclath, cstack
 Tracked objects:
		On entry : 
		On exit  : 
		Unchanged: 
 Data sizes:     COMMON   BANK0   BANK1   BANK3   BANK2
      Params:         0       0       0       0       0
      Locals:         0       0       0       0       0
      Temps:          0       1       0       0       0
      Totals:         0       1       0       0       0
Total ram usage:        1 bytes
 Hardware stack levels used:    1
 Hardware stack levels required when called:    4
 This function calls:
		_dio_vid_set_pin_direction
 This function is called by:
		_eeprom_external_vid_write
		_eeprom_external_vid_read
 This function uses a non-reentrant model


 *************** function _dio_vid_set_pin_direction *****************
 Defined at:
		line 116 in file "dio.c"
 Parameters:    Size  Location     Type
  portNumber      1    wreg     unsigned char 
  index           1    6[BANK0 ] unsigned char 
  direction       1    7[BANK0 ] unsigned char 
 Auto vars:     Size  Location     Type
  portNumber      1   10[BANK0 ] unsigned char 
 Return value:  Size  Location     Type
                  1    wreg      void 
 Registers used:
		wreg, fsr0l, fsr0h, status,2, status,0
 Tracked objects:
		On entry : 
		On exit  : 
		Unchanged: 
 Data sizes:     COMMON   BANK0   BANK1   BANK3   BANK2
      Params:         0       2       0       0       0
      Locals:         0       1       0       0       0
      Temps:          0       2       0       0       0
      Totals:         0       5       0       0       0
Total ram usage:        5 bytes
 Hardware stack levels used:    1
 Hardware stack levels required when called:    3
 This function calls:
		Nothing
 This function is called by:
		_counter_vid_init
		_display_init
		_i2c_vid_master_init
		_ssd_vid_init
		_pwm_vid_init
 This function uses a non-reentrant model


 *************** function _i2c_u8_master_write_slave_address_with_write_req *****************
 Defined at:
		line 71 in file "i2c.c"
 Parameters:    Size  Location     Type
  address         1    wreg     unsigned char 
 Auto vars:     Size  Location     Type
  address         1    7[BANK0 ] unsigned char 
 Return value:  Size  Location     Type
                  1    wreg      unsigned char 
 Registers used:
		wreg, status,2, status,0, pclath, cstack
 Tracked objects:
		On entry : 
		On exit  : 
		Unchanged: 
 Data sizes:     COMMON   BANK0   BANK1   BANK3   BANK2
      Params:         0       0       0       0       0
      Locals:         0       1       0       0       0
      Temps:          0       1       0       0       0
      Totals:         0       2       0       0       0
Total ram usage:        2 bytes
 Hardware stack levels used:    1
 Hardware stack levels required when called:    4
 This function calls:
		_i2c_vid_wait
 This function is called by:
		_eeprom_external_vid_write
		_eeprom_external_vid_read
 This function uses a non-reentrant model


 *************** function _i2c_u8_master_write_slave_address_with_read_req *****************
 Defined at:
		line 82 in file "i2c.c"
 Parameters:    Size  Location     Type
  address         1    wreg     unsigned char 
 Auto vars:     Size  Location     Type
  address         1    6[BANK0 ] unsigned char 
 Return value:  Size  Location     Type
                  1    wreg      unsigned char 
 Registers used:
		wreg, status,2, status,0, pclath, cstack
 Tracked objects:
		On entry : 
		On exit  : 
		Unchanged: 
 Data sizes:     COMMON   BANK0   BANK1   BANK3   BANK2
      Params:         0       0       0       0       0
      Locals:         0       1       0       0       0
      Temps:          0       0       0       0       0
      Totals:         0       1       0       0       0
Total ram usage:        1 bytes
 Hardware stack levels used:    1
 Hardware stack levels required when called:    4
 This function calls:
		_i2c_vid_wait
 This function is called by:
		_eeprom_external_vid_read
 This function uses a non-reentrant model


 *************** function _i2c_u8_master_write_byte *****************
 Defined at:
		line 93 in file "i2c.c"
 Parameters:    Size  Location     Type
  data            1    wreg     unsigned char 
 Auto vars:     Size  Location     Type
  data            1    6[BANK0 ] unsigned char 
 Return value:  Size  Location     Type
                  1    wreg      unsigned char 
 Registers used:
		wreg, status,2, status,0, pclath, cstack
 Tracked objects:
		On entry : 
		On exit  : 
		Unchanged: 
 Data sizes:     COMMON   BANK0   BANK1   BANK3   BANK2
      Params:         0       0       0       0       0
      Locals:         0       1       0       0       0
      Temps:          0       0       0       0       0
      Totals:         0       1       0       0       0
Total ram usage:        1 bytes
 Hardware stack levels used:    1
 Hardware stack levels required when called:    4
 This function calls:
		_i2c_vid_wait
 This function is called by:
		_eeprom_external_vid_write
		_eeprom_external_vid_read
 This function uses a non-reentrant model


 *************** function _i2c_u8_master_read_byte *****************
 Defined at:
		line 103 in file "i2c.c"
 Parameters:    Size  Location     Type
		None
 Auto vars:     Size  Location     Type
		None
 Return value:  Size  Location     Type
                  1    wreg      unsigned char 
 Registers used:
		wreg, status,2, status,0, pclath, cstack
 Tracked objects:
		On entry : 
		On exit  : 
		Unchanged: 
 Data sizes:     COMMON   BANK0   BANK1   BANK3   BANK2
      Params:         0       0       0       0       0
      Locals:         0       0       0       0       0
      Temps:          0       0       0       0       0
      Totals:         0       0       0       0       0
Total ram usage:        0 bytes
 Hardware stack levels used:    1
 Hardware stack levels required when called:    4
 This function calls:
		_i2c_vid_wait
 This function is called by:
		_eeprom_external_vid_read
 This function uses a non-reentrant model


 *************** function _i2c_vid_wait *****************
 Defined at:
		line 55 in file "i2c.c"
 Parameters:    Size  Location     Type
		None
 Auto vars:     Size  Location     Type
		None
 Return value:  Size  Location     Type
                  1    wreg      void 
 Registers used:
		wreg, status,2
 Tracked objects:
		On entry : 
		On exit  : 
		Unchanged: 
 Data sizes:     COMMON   BANK0   BANK1   BANK3   BANK2
      Params:         0       0       0       0       0
      Locals:         0       0       0       0       0
      Temps:          0       0       0       0       0
      Totals:         0       0       0       0       0
Total ram usage:        0 bytes
 Hardware stack levels used:    1
 Hardware stack levels required when called:    3
 This function calls:
		Nothing
 This function is called by:
		_i2c_vid_start
		_i2c_vid_stop
		_i2c_vid_restart
		_i2c_vid_nack
		_i2c_u8_master_write_slave_address_with_write_req
		_i2c_u8_master_write_slave_address_with_read_req
		_i2c_u8_master_write_byte
		_i2c_u8_master_read_byte
		_i2c_vid_ack
 This function uses a non-reentrant model


 *************** function ___awmod *****************
 Defined at:
		line 5 in file "C:\Program Files (x86)\Microchip\xc8\v2.10\pic\sources\c90\common\awmod.c"
 Parameters:    Size  Location     Type
  divisor         2    6[BANK0 ] int 
  dividend        2    8[BANK0 ] int 
 Auto vars:     Size  Location     Type
  sign            1   12[BANK0 ] unsigned char 
  counter         1   11[BANK0 ] unsigned char 
 Return value:  Size  Location     Type
                  2    6[BANK0 ] int 
 Registers used:
		wreg, status,2, status,0
 Tracked objects:
		On entry : 
		On exit  : 
		Unchanged: 
 Data sizes:     COMMON   BANK0   BANK1   BANK3   BANK2
      Params:         0       4       0       0       0
      Locals:         0       2       0       0       0
      Temps:          0       1       0       0       0
      Totals:         0       7       0       0       0
Total ram usage:        7 bytes
 Hardware stack levels used:    1
 Hardware stack levels required when called:    3
 This function calls:
		Nothing
 This function is called by:
		_counter_vid_init
 This function uses a non-reentrant model


 *************** function _counter_u8_get_counter *****************
 Defined at:
		line 60 in file "counter.c"
 Parameters:    Size  Location     Type
		None
 Auto vars:     Size  Location     Type
		None
 Return value:  Size  Location     Type
                  1    wreg      unsigned char 
 Registers used:
		wreg
 Tracked objects:
		On entry : 
		On exit  : 
		Unchanged: 
 Data sizes:     COMMON   BANK0   BANK1   BANK3   BANK2
      Params:         0       0       0       0       0
      Locals:         0       0       0       0       0
      Temps:          0       0       0       0       0
      Totals:         0       0       0       0       0
Total ram usage:        0 bytes
 Hardware stack levels used:    1
 Hardware stack levels required when called:    3
 This function calls:
		Nothing
 This function is called by:
		_display_init
		_display_vid_update
 This function uses a non-reentrant model


 *************** function _timer_isr *****************
 Defined at:
		line 21 in file "timer.c"
 Parameters:    Size  Location     Type
		None
 Auto vars:     Size  Location     Type
		None
 Return value:  Size  Location     Type
                  1    wreg      void 
 Registers used:
		wreg, fsr0l, fsr0h, status,2, status,0, pclath, cstack
 Tracked objects:
		On entry : 
		On exit  : 
		Unchanged: 
 Data sizes:     COMMON   BANK0   BANK1   BANK3   BANK2
      Params:         0       0       0       0       0
      Locals:         0       0       0       0       0
      Temps:          0       6       0       0       0
      Totals:         0       6       0       0       0
Total ram usage:        6 bytes
 Hardware stack levels used:    1
 Hardware stack levels required when called:    2
 This function calls:
		Absolute function
		_sch_update
 This function is called by:
		Interrupt level 1
 This function uses a non-reentrant model


 *************** function _sch_update *****************
 Defined at:
		line 29 in file "scheduler.c"
 Parameters:    Size  Location     Type
		None
 Auto vars:     Size  Location     Type
  index           1   10[COMMON] unsigned char 
 Return value:  Size  Location     Type
                  1    wreg      void 
 Registers used:
		wreg, fsr0l, fsr0h, status,2, status,0, pclath, cstack
 Tracked objects:
		On entry : 
		On exit  : 
		Unchanged: 
 Data sizes:     COMMON   BANK0   BANK1   BANK3   BANK2
      Params:         0       0       0       0       0
      Locals:         1       0       0       0       0
      Temps:          6       0       0       0       0
      Totals:         7       0       0       0       0
Total ram usage:        7 bytes
 Hardware stack levels used:    1
 Hardware stack levels required when called:    1
 This function calls:
		i1___bmul
 This function is called by:
		_sch_vid_init
		_timer_isr
 This function uses a non-reentrant model


 *************** function i1___bmul *****************
 Defined at:
		line 4 in file "C:\Program Files (x86)\Microchip\xc8\v2.10\pic\sources\c90\common\Umul8.c"
 Parameters:    Size  Location     Type
  multiplier      1    wreg     unsigned char 
  multiplicand    1    0[COMMON] unsigned char 
 Auto vars:     Size  Location     Type
  multiplier      1    2[COMMON] unsigned char 
  __bmul          1    3[COMMON] unsigned char 
 Return value:  Size  Location     Type
                  1    wreg      unsigned char 
 Registers used:
		wreg, status,2, status,0
 Tracked objects:
		On entry : 
		On exit  : 
		Unchanged: 
 Data sizes:     COMMON   BANK0   BANK1   BANK3   BANK2
      Params:         1       0       0       0       0
      Locals:         2       0       0       0       0
      Temps:          1       0       0       0       0
      Totals:         4       0       0       0       0
Total ram usage:        4 bytes
 Hardware stack levels used:    1
 This function calls:
		Nothing
 This function is called by:
		_sch_update
 This function uses a non-reentrant model



MODULE INFORMATION

Module		Function		Class		Link	Load	Size
ssd.c
		_ssd_vid_set_symbol		CODE           	0C8C	0000	12
		_ssd_u8_get_state		CODE           	0C4B	0000	5
		_ssd_vid_init  		CODE           	0D4B	0000	37
		_ssd_u8_get_code		CODE           	0EC7	0000	68
		_ssd_vid_set_state		CODE           	0C4F	0000	9
		_ssd_vid_update		CODE           	03B3	0000	180

ssd.c estimated size: 311

C:\Program Files (x86)\Microchip\xc8\v2.10\pic\sources\c90\common\lwdiv.c
		___lwdiv       		CODE           	07B8	0000	71

C:\Program Files (x86)\Microchip\xc8\v2.10\pic\sources\c90\common\lwdiv.c estimated size: 71

eeprom_external.c
		_eeprom_external_vid_read		CODE           	0F58	0000	80
		_eeprom_external_vid_write		CODE           	0E51	0000	59

eeprom_external.c estimated size: 139

C:\Program Files (x86)\Microchip\xc8\v2.10\pic\sources\c90\common\Umul8.c
		___bmul        		CODE           	0D01	0000	24

C:\Program Files (x86)\Microchip\xc8\v2.10\pic\sources\c90\common\Umul8.c estimated size: 24

timer.c
		_timer_vid_init_0		CODE           	05E9	0000	102
		_timer_isr     		CODE           	075E	0000	91
		_timer_vid_set_isr_0		CODE           	0C57	0000	9

timer.c estimated size: 202

dio.c
		_dio_vid_set_pin_value		CODE           	0144	0000	226
		_dio_u8_read_port_value		CODE           	0D6F	0000	42
		_dio_vid_set_port_direction		CODE           	0E1A	0000	56
		_dio_u8_read_pin_value		CODE           	0D31	0000	27
		_dio_vid_set_port_value		CODE           	0DED	0000	46
		_dio_vid_set_pin_direction		CODE           	004F	0000	246

dio.c estimated size: 643

i2c.c
		_i2c_vid_start 		CODE           	0C70	0000	10
		_i2c_u8_master_write_byte		CODE           	0CB0	0000	19
		_i2c_u8_master_write_slave_address_with_write_req		CODE           	0D18	0000	26
		_i2c_vid_master_init		CODE           	0DC1	0000	45
		_i2c_u8_master_read_byte		CODE           	0CEA	0000	24
		_i2c_vid_restart		CODE           	0C67	0000	10
		_i2c_u8_master_write_slave_address_with_read_req		CODE           	0CC2	0000	20
		_i2c_vid_nack  		CODE           	0C97	0000	13
		_i2c_vid_wait  		CODE           	0CA3	0000	14
		_i2c_vid_stop  		CODE           	0C79	0000	10

i2c.c estimated size: 191

shared
		__i1fptable    		ENTRY          	0046	0000	10
		__initialization		CODE           	0015	0000	30
		__fptable      		ENTRY          	0036	0000	17
		i1___bmul      		CODE           	0CD5	0000	22

shared estimated size: 79

C:\Program Files (x86)\Microchip\xc8\v2.10\pic\sources\c90\common\lwmod.c
		___lwmod       		CODE           	0E8B	0000	61

C:\Program Files (x86)\Microchip\xc8\v2.10\pic\sources\c90\common\lwmod.c estimated size: 61

display.c
		_display_set_setting_mode		CODE           	0C82	0000	11
		_display_init  		CODE           	0FA7	0000	90
		_display_vid_update		CODE           	0704	0000	91

display.c estimated size: 192

C:\Program Files (x86)\Microchip\xc8\v2.10\pic\sources\c90\common\awmod.c
		___awmod       		CODE           	06A9	0000	92

C:\Program Files (x86)\Microchip\xc8\v2.10\pic\sources\c90\common\awmod.c estimated size: 92

counter.c
		_counter_u8_get_counter		CODE           	0C47	0000	5
		_counter_vid_init		CODE           	0F0A	0000	79
		_counter_vid_update		CODE           	02F4	0000	192

counter.c estimated size: 276

scheduler.c
		_sch_vid_init  		CODE           	0D98	0000	42
		_sch_u8_add_task		CODE           	04F7	0000	141
		_sch_update    		CODE           	0225	0000	208
		_sch_vid_delete_task		CODE           	0583	0000	103
		_sch_vid_dispatch_tasks		CODE           	0466	0000	146

scheduler.c estimated size: 640

main.c
		_main          		CODE           	064E	0000	92

main.c estimated size: 92

