Microchip MPLAB XC8 Compiler V2.10 ()

Linker command line:

-W-3 --edf=C:\Program Files (x86)\Microchip\xc8\v2.10\pic\dat\en_msgs.txt \
  -cs -h+dist/default/production\electric-water-heater.X.production.sym \
  --cmf=dist/default/production\electric-water-heater.X.production.cmf -z \
  -Q16F877A -oC:\Users\Hassan\AppData\Local\Temp\sijc.2 \
  --defsym=__MPLAB_BUILD=1 \
  -Mdist/default/production/electric-water-heater.X.production.map -E1 \
  -ver=XC8 --acfsm=1493 -ASTACK=0110h-016Fh -pstack=STACK \
  -ACODE=00h-07FFhx4 -ASTRCODE=00h-01FFFh -ASTRING=00h-0FFhx32 \
  -ACONST=00h-0FFhx32 -AENTRY=00h-0FFhx32 -ACOMMON=070h-07Fh \
  -ABANK0=020h-06Fh -ABANK1=0A0h-0EFh -ABANK2=0110h-016Fh \
  -ABANK3=0190h-01EFh -ARAM=020h-06Fh,0A0h-0EFh,0110h-016Fh,0190h-01EFh \
  -AABS1=020h-07Fh,0A0h-0EFh,0110h-016Fh,0190h-01EFh -ASFR0=00h-01Fh \
  -ASFR1=080h-09Fh -ASFR2=0100h-010Fh -ASFR3=0180h-018Fh \
  -preset_vec=00h,intentry=04h,init,end_init -ppowerup=CODE -pcinit=CODE \
  -pfunctab=ENTRY -ACONFIG=02007h-02007h -pconfig=CONFIG -DCONFIG=2 \
  -AIDLOC=02000h-02003h -pidloc=IDLOC -DIDLOC=2 -AEEDATA=00h-0FFh/02100h \
  -peeprom_data=EEDATA -DEEDATA=2 -DCODE=2 -DSTRCODE=2 -DSTRING=2 -DCONST=2 \
  -DENTRY=2 -k C:\Users\Hassan\AppData\Local\Temp\sijc.o \
  dist/default/production\electric-water-heater.X.production.o 

Object code version is 3.11

Machine type is 16F877A



                Name                               Link     Load   Length Selector   Space Scale
C:\Users\Hassan\AppData\Local\Temp\sijc.o
                end_init                             12       12        3        8       0
                reset_vec                             0        0        3        0       0
                config                             2007     2007        1     400E       0
dist/default/production\electric-water-heater.X.production.o
                cinit                                15       15       34        8       0
                functab                              49       49       1F       92       0
                intentry                              4        4        E        8       0
                text53                             14CD     14CD       15     299A       0
                text52                              F31      F31       CF     1E62       0
                text51                              8AF      8AF       5A     115E       0
                text50                              909      909       5B     1212       0
                text49                              801      801        D     1002       0
                text48                             14E2     14E2       17     29C4       0
                text47                             14A8     14A8       12     2950       0
                text46                             14BA     14BA       13     2974       0
                text45                             1510     1510       19     2A20       0
                text44                              60A      60A       F5       D0       0
                text43                             15F3     15F3       2C     2BE6       0
                text42                             1473     1473        C     28E6       0
                text41                             144D     144D        9     289A       0
                text40                             1456     1456        9     28AC       0
                text39                             145F     145F        9     28BE       0
                text38                              80E      80E       4F     101C       0
                text37                             17B2     17B2       4E     2F64       0
                text36                              6FF      6FF       E1       D0       0
                text35                             167C     167C       37     2CF8       0
                text34                             1529     1529       24     2A52       0
                text33                             1468     1468        B     28D0       0
                text32                             15C8     15C8       2B     2B90       0
                text31                              BC2      BC2       92     1784       0
                text30                             14F9     14F9       17     29F2       0
                text29                              B36      B36       8C     166C       0
                text28                             154D     154D       29     2A9A       0
                text27                              7E0      7E0       1A       D0       0
                text26                             147F     147F        C     28FE       0
                text25                             16B3     16B3       3A     2D66       0
                text24                             1497     1497       11     292E       0
                text23                             16ED     16ED       3C     2DDA       0
                text22                             1431     1431        4     2862       0
                text21                              7FA      7FA        4       D0       0
                text20                             1435     1435        8     286A       0
                text19                             148B     148B        C     2916       0
                text18                              9C9      9C9       66     1392       0
                text17                             176C     176C       46     2ED8       0
                text16                             161F     161F       2D     2C3E       0
                text15                             1729     1729       43     2E52       0
                text14                             1576     1576       29     2AEC       0
                text13                               68       68      361       D0       0
                text12                              A2F      A2F       7C     145E       0
                text11                              CF3      CF3       BC     19E6       0
                text10                             164C     164C       30     2C98       0
                text9                               3C9      3C9      127       D0       0
                text8                               DAF      DAF       BF     1B5E       0
                text7                               4F0      4F0      11A       D0       0
                text6                               85D      85D       52     10BA       0
                text5                               E6E      E6E       C3     1CDC       0
                text4                               C54      C54       9F     18A8       0
                text3                               964      964       65     12C8       0
                text2                              143D     143D        8     287A       0
                text1                              159F     159F       29     2B3E       0
                maintext                            AAB      AAB       8B     1556       0
                cstackBANK0                          20       20       44       20       1
                cstackCOMMON                         70       70        B       70       1
                cstackBANK1                          EA       EA        2       A0       1
                cstackBANK3                         190      190        5      190       1
                clrtext                            1445     1445        8     288A       0
                dataBANK1                            EC       EC        1       A0       1
                bssBANK1                             A0       A0       4A       A0       1
                dataBANK0                            67       67        3       20       1
                bssBANK0                             64       64        3       20       1
                dataCOMMON                           7D       7D        1       70       1
                bssCOMMON                            7B       7B        2       70       1
                idataBANK1                          7FF      7FF        1       D0       0
                idataBANK0                         142E     142E        3     285C       0
                idataCOMMON                         7FE      7FE        1       D0       0

TOTAL           Name                               Link     Load   Length     Space
        CLASS   STACK          

        CLASS   CODE           
                end_init                             12       12        3         0
                cinit                                15       15       34         0
                intentry                              4        4        E         0
                reset_vec                             0        0        3         0
                text53                             14CD     14CD       15         0
                text52                              F31      F31       CF         0
                text51                              8AF      8AF       5A         0
                text50                              909      909       5B         0
                text49                              801      801        D         0
                text48                             14E2     14E2       17         0
                text47                             14A8     14A8       12         0
                text46                             14BA     14BA       13         0
                text45                             1510     1510       19         0
                text44                              60A      60A       F5         0
                text43                             15F3     15F3       2C         0
                text42                             1473     1473        C         0
                text41                             144D     144D        9         0
                text40                             1456     1456        9         0
                text39                             145F     145F        9         0
                text38                              80E      80E       4F         0
                text37                             17B2     17B2       4E         0
                text36                              6FF      6FF       E1         0
                text35                             167C     167C       37         0
                text34                             1529     1529       24         0
                text33                             1468     1468        B         0
                text32                             15C8     15C8       2B         0
                text31                              BC2      BC2       92         0
                text30                             14F9     14F9       17         0
                text29                              B36      B36       8C         0
                text28                             154D     154D       29         0
                text27                              7E0      7E0       1A         0
                text26                             147F     147F        C         0
                text25                             16B3     16B3       3A         0
                text24                             1497     1497       11         0
                text23                             16ED     16ED       3C         0
                text22                             1431     1431        4         0
                text21                              7FA      7FA        4         0
                text20                             1435     1435        8         0
                text19                             148B     148B        C         0
                text18                              9C9      9C9       66         0
                text17                             176C     176C       46         0
                text16                             161F     161F       2D         0
                text15                             1729     1729       43         0
                text14                             1576     1576       29         0
                text13                               68       68      361         0
                text12                              A2F      A2F       7C         0
                text11                              CF3      CF3       BC         0
                text10                             164C     164C       30         0
                text9                               3C9      3C9      127         0
                text8                               DAF      DAF       BF         0
                text7                               4F0      4F0      11A         0
                text6                               85D      85D       52         0
                text5                               E6E      E6E       C3         0
                text4                               C54      C54       9F         0
                text3                               964      964       65         0
                text2                              143D     143D        8         0
                text1                              159F     159F       29         0
                maintext                            AAB      AAB       8B         0
                clrtext                            1445     1445        8         0
                idataBANK1                          7FF      7FF        1         0
                idataBANK0                         142E     142E        3         0
                idataCOMMON                         7FE      7FE        1         0

        CLASS   STRCODE        

        CLASS   STRING         

        CLASS   CONST          

        CLASS   ENTRY          
                functab                              49       49       1F         0

        CLASS   COMMON         
                cstackCOMMON                         70       70        B         1
                dataCOMMON                           7D       7D        1         1
                bssCOMMON                            7B       7B        2         1

        CLASS   BANK0          
                cstackBANK0                          20       20       44         1
                dataBANK0                            67       67        3         1
                bssBANK0                             64       64        3         1

        CLASS   BANK1          
                cstackBANK1                          EA       EA        2         1
                dataBANK1                            EC       EC        1         1
                bssBANK1                             A0       A0       4A         1

        CLASS   BANK2          

        CLASS   BANK3          
                cstackBANK3                         190      190        5         1

        CLASS   RAM            

        CLASS   ABS1           
                abs_s1                               7E       7E        2         1

        CLASS   SFR0           

        CLASS   SFR1           

        CLASS   SFR2           

        CLASS   SFR3           

        CLASS   CONFIG         
                config                             2007     2007        1         0

        CLASS   IDLOC          

        CLASS   EEDATA         



SEGMENTS        Name                           Load    Length   Top    Selector   Space  Class     Delta

                reset_vec                      000000  000003  000003         0       0  CODE        2
                intentry                       000004  000045  000049         8       0  CODE        2
                cstackBANK0                    000020  00004A  00006A        20       1  BANK0       1
                cstackCOMMON                   000070  00000E  00007E        70       1  COMMON      1
                functab                        000049  00001F  000068        92       0  ENTRY       2
                bssBANK1                       0000A0  00004D  0000ED        A0       1  BANK1       1
                text13                         000068  000798  000800        D0       0  CODE        2
                cstackBANK3                    000190  000005  000195       190       1  BANK3       1
                text49                         000801  00000D  00080E      1002       0  CODE        2
                text38                         00080E  00004F  00085D      101C       0  CODE        2
                text6                          00085D  000052  0008AF      10BA       0  CODE        2
                text51                         0008AF  00005A  000909      115E       0  CODE        2
                text50                         000909  00005B  000964      1212       0  CODE        2
                text3                          000964  000065  0009C9      12C8       0  CODE        2
                text18                         0009C9  000066  000A2F      1392       0  CODE        2
                text12                         000A2F  00007C  000AAB      145E       0  CODE        2
                maintext                       000AAB  00008B  000B36      1556       0  CODE        2
                text29                         000B36  00008C  000BC2      166C       0  CODE        2
                text31                         000BC2  000092  000C54      1784       0  CODE        2
                text4                          000C54  00009F  000CF3      18A8       0  CODE        2
                text11                         000CF3  0000BC  000DAF      19E6       0  CODE        2
                text8                          000DAF  0000BF  000E6E      1B5E       0  CODE        2
                text5                          000E6E  0000C3  000F31      1CDC       0  CODE        2
                text52                         000F31  0000CF  001000      1E62       0  CODE        2
                idataBANK0                     00142E  000003  001431      285C       0  CODE        2
                text22                         001431  000004  001435      2862       0  CODE        2
                text20                         001435  000008  00143D      286A       0  CODE        2
                text2                          00143D  000008  001445      287A       0  CODE        2
                clrtext                        001445  000008  00144D      288A       0  CODE        2
                text41                         00144D  000009  001456      289A       0  CODE        2
                text40                         001456  000009  00145F      28AC       0  CODE        2
                text39                         00145F  000009  001468      28BE       0  CODE        2
                text33                         001468  00000B  001473      28D0       0  CODE        2
                text42                         001473  00000C  00147F      28E6       0  CODE        2
                text26                         00147F  00000C  00148B      28FE       0  CODE        2
                text19                         00148B  00000C  001497      2916       0  CODE        2
                text24                         001497  000011  0014A8      292E       0  CODE        2
                text47                         0014A8  000012  0014BA      2950       0  CODE        2
                text46                         0014BA  000013  0014CD      2974       0  CODE        2
                text53                         0014CD  000015  0014E2      299A       0  CODE        2
                text48                         0014E2  000017  0014F9      29C4       0  CODE        2
                text30                         0014F9  000017  001510      29F2       0  CODE        2
                text45                         001510  000019  001529      2A20       0  CODE        2
                text34                         001529  000024  00154D      2A52       0  CODE        2
                text28                         00154D  000029  001576      2A9A       0  CODE        2
                text14                         001576  000029  00159F      2AEC       0  CODE        2
                text1                          00159F  000029  0015C8      2B3E       0  CODE        2
                text32                         0015C8  00002B  0015F3      2B90       0  CODE        2
                text43                         0015F3  00002C  00161F      2BE6       0  CODE        2
                text16                         00161F  00002D  00164C      2C3E       0  CODE        2
                text10                         00164C  000030  00167C      2C98       0  CODE        2
                text35                         00167C  000037  0016B3      2CF8       0  CODE        2
                text25                         0016B3  00003A  0016ED      2D66       0  CODE        2
                text23                         0016ED  00003C  001729      2DDA       0  CODE        2
                text15                         001729  000043  00176C      2E52       0  CODE        2
                text17                         00176C  000046  0017B2      2ED8       0  CODE        2
                text37                         0017B2  00004E  001800      2F64       0  CODE        2
                config                         002007  000001  002008      400E       0  CONFIG      2


UNUSED ADDRESS RANGES

        Name                Unused          Largest block    Delta
        BANK0            006A-006F              6           1
        BANK1            00ED-00EF              3           1
        BANK2            0110-016F             60           1
        BANK3            0195-01EF             5B           1
        CODE             0003-0003              1           2
                         0800-0800              1
                         1000-142D            42E
                         1800-1FFF            800
        CONST            0003-0003              1           2
                         0800-0800              1
                         1000-142D            100
                         1800-1FFF            100
        EEDATA           2100-21FF            100           2
        ENTRY            0003-0003              1           2
                         0800-0800              1
                         1000-142D            100
                         1800-1FFF            100
        IDLOC            2000-2003              4           2
        RAM              006A-006F              6           1
                         00ED-00EF              3
                         0110-016F             60
                         0195-01EF             5B
        SFR0             0000-001F             20           1
        SFR1             0080-009F             20           1
        SFR2             0100-010F             10           1
        SFR3             0180-018F             10           1
        STACK            0110-016F             60           1
        STRCODE          0003-0003              1           2
                         0800-0800              1
                         1000-142D            42E
                         1800-1FFF            800
        STRING           0003-0003              1           2
                         0800-0800              1
                         1000-142D            100
                         1800-1FFF            100

                                  Symbol Table

?__Umul8_16                                                cstackBANK0  0026
?___awmod                                                  cstackBANK0  0026
?___flmul                                                  cstackBANK0  0039
?___fltol                                                  cstackBANK0  0053
?___lwdiv                                                  cstackBANK0  0026
?___lwmod                                                  cstackBANK0  0026
?___xxtofl                                                 cstackBANK0  002B
?_adc_u8_get_value                                         cstackBANK0  0026
_ACKDT                                                     (abs)        048D
_ACKEN                                                     (abs)        048C
_ACKSTAT                                                   (abs)        048E
_ADCON0                                                    (abs)        001F
_ADCS0                                                     (abs)        00FE
_ADCS1                                                     (abs)        00FF
_ADCS2                                                     (abs)        04FE
_ADFM                                                      (abs)        04FF
_ADON                                                      (abs)        00F8
_ADRESH                                                    (abs)        001E
_ADRESL                                                    (abs)        009E
_GIE                                                       (abs)        005F
_GO                                                        (abs)        00FA
_GO_DONE                                                   (abs)        00FA
_PEIE                                                      (abs)        005E
_PEN                                                       (abs)        048A
_PIR1                                                      (abs)        000C
_PORTA                                                     (abs)        0005
_PORTB                                                     (abs)        0006
_PORTC                                                     (abs)        0007
_PORTD                                                     (abs)        0008
_PORTE                                                     (abs)        0009
_PS0                                                       (abs)        0408
_PS1                                                       (abs)        0409
_PS2                                                       (abs)        040A
_PSA                                                       (abs)        040B
_RCEN                                                      (abs)        048B
_RSEN                                                      (abs)        0489
_SEN                                                       (abs)        0488
_SSPADD                                                    (abs)        0093
_SSPBUF                                                    (abs)        0013
_SSPCON2                                                   (abs)        0091
_SSPEN                                                     (abs)        00A5
_SSPIF                                                     (abs)        0063
_SSPM0                                                     (abs)        00A0
_SSPM1                                                     (abs)        00A1
_SSPM2                                                     (abs)        00A2
_SSPM3                                                     (abs)        00A3
_SSPSTAT                                                   (abs)        0094
_T0CS                                                      (abs)        040D
_TMR0IE                                                    (abs)        005D
_TMR0IF                                                    (abs)        005A
_TMR1IF                                                    (abs)        0060
_TMR2IF                                                    (abs)        0061
_TRISA                                                     (abs)        0085
_TRISB                                                     (abs)        0086
_TRISC                                                     (abs)        0087
_TRISD                                                     (abs)        0088
_TRISE                                                     (abs)        0089
__CFG_BOREN$ON                                             (abs)        0000
__CFG_CP$OFF                                               (abs)        0000
__CFG_CPD$OFF                                              (abs)        0000
__CFG_FOSC$HS                                              (abs)        0000
__CFG_LVP$OFF                                              (abs)        0000
__CFG_PWRTE$ON                                             (abs)        0000
__CFG_WDTE$OFF                                             (abs)        0000
__CFG_WRT$OFF                                              (abs)        0000
__Habs1                                                    abs1         0000
__Hbank0                                                   bank0        0000
__Hbank1                                                   bank1        0000
__Hbank2                                                   bank2        0000
__Hbank3                                                   bank3        0000
__HbssBANK0                                                bssBANK0     0000
__HbssBANK1                                                bssBANK1     0000
__HbssCOMMON                                               bssCOMMON    0000
__Hcinit                                                   cinit        0049
__Hclrtext                                                 clrtext      0000
__Hcode                                                    code         0000
__Hcommon                                                  common       0000
__Hconfig                                                  config       2008
__HcstackBANK0                                             cstackBANK0  0000
__HcstackBANK1                                             cstackBANK1  0000
__HcstackBANK3                                             cstackBANK3  0000
__HcstackCOMMON                                            cstackCOMMON 0000
__HdataBANK0                                               dataBANK0    0000
__HdataBANK1                                               dataBANK1    0000
__HdataCOMMON                                              dataCOMMON   0000
__Heeprom_data                                             eeprom_data  0000
__Hend_init                                                end_init     0015
__Hfunctab                                                 functab      0068
__HidataBANK0                                              idataBANK0   0000
__HidataBANK1                                              idataBANK1   0000
__HidataCOMMON                                             idataCOMMON  0000
__Hidloc                                                   idloc        0000
__Hinit                                                    init         0012
__Hintentry                                                intentry     0012
__Hmaintext                                                maintext     0000
__Hpowerup                                                 powerup      0000
__Hram                                                     ram          0000
__Hreset_vec                                               reset_vec    0003
__Hsfr0                                                    sfr0         0000
__Hsfr1                                                    sfr1         0000
__Hsfr2                                                    sfr2         0000
__Hsfr3                                                    sfr3         0000
__Hspace_0                                                 (abs)        2008
__Hspace_1                                                 (abs)        0195
__Hspace_2                                                 (abs)        0000
__Hspace_3                                                 (abs)        0000
__Hstack                                                   stack        0000
__Hstrings                                                 strings      0000
__Htext                                                    text         0000
__Labs1                                                    abs1         0000
__Lbank0                                                   bank0        0000
__Lbank1                                                   bank1        0000
__Lbank2                                                   bank2        0000
__Lbank3                                                   bank3        0000
__LbssBANK0                                                bssBANK0     0000
__LbssBANK1                                                bssBANK1     0000
__LbssCOMMON                                               bssCOMMON    0000
__Lcinit                                                   cinit        0015
__Lclrtext                                                 clrtext      0000
__Lcode                                                    code         0000
__Lcommon                                                  common       0000
__Lconfig                                                  config       2007
__LcstackBANK0                                             cstackBANK0  0000
__LcstackBANK1                                             cstackBANK1  0000
__LcstackBANK3                                             cstackBANK3  0000
__LcstackCOMMON                                            cstackCOMMON 0000
__LdataBANK0                                               dataBANK0    0000
__LdataBANK1                                               dataBANK1    0000
__LdataCOMMON                                              dataCOMMON   0000
__Leeprom_data                                             eeprom_data  0000
__Lend_init                                                end_init     0012
__Lfunctab                                                 functab      0049
__LidataBANK0                                              idataBANK0   0000
__LidataBANK1                                              idataBANK1   0000
__LidataCOMMON                                             idataCOMMON  0000
__Lidloc                                                   idloc        0000
__Linit                                                    init         0012
__Lintentry                                                intentry     0004
__Lmaintext                                                maintext     0000
__Lpowerup                                                 powerup      0000
__Lram                                                     ram          0000
__Lreset_vec                                               reset_vec    0000
__Lsfr0                                                    sfr0         0000
__Lsfr1                                                    sfr1         0000
__Lsfr2                                                    sfr2         0000
__Lsfr3                                                    sfr3         0000
__Lspace_0                                                 (abs)        0000
__Lspace_1                                                 (abs)        0000
__Lspace_2                                                 (abs)        0000
__Lspace_3                                                 (abs)        0000
__Lstack                                                   stack        0000
__Lstrings                                                 strings      0000
__Ltext                                                    text         0000
__S0                                                       (abs)        2008
__S1                                                       (abs)        0195
__S2                                                       (abs)        0000
__S3                                                       (abs)        0000
__Umul8_16                                                 text14       1576
__Umul8_16@multiplicand                                    cstackBANK0  0026
__Umul8_16@multiplier                                      cstackBANK0  002E
__Umul8_16@product                                         cstackBANK0  002A
__Umul8_16@word_mpld                                       cstackBANK0  002C
___awmod                                                   text50       0909
___awmod@counter                                           cstackBANK0  002B
___awmod@dividend                                          cstackBANK0  0028
___awmod@divisor                                           cstackBANK0  0026
___awmod@sign                                              cstackBANK0  002C
___bmul                                                    text30       14F9
___bmul@multiplicand                                       cstackBANK0  0026
___bmul@multiplier                                         cstackBANK0  0029
___bmul@product                                            cstackBANK0  0028
___flmul                                                   text13       0068
___flmul@a                                                 cstackBANK0  003D
___flmul@aexp                                              cstackBANK0  0047
___flmul@b                                                 cstackBANK0  0039
___flmul@bexp                                              cstackBANK0  004C
___flmul@grs                                               cstackBANK0  0048
___flmul@prod                                              cstackBANK0  004D
___flmul@sign                                              cstackBANK0  0046
___flmul@temp                                              cstackBANK0  0051
___fltol                                                   text12       0A2F
___fltol@exp1                                              cstackBANK0  005D
___fltol@f1                                                cstackBANK0  0053
___fltol@sign1                                             cstackBANK0  005C
___int_sp                                                  stack        0000
___latbits                                                 (abs)        0002
___lwdiv                                                   text17       176C
___lwdiv@counter                                           cstackBANK0  002B
___lwdiv@dividend                                          cstackBANK0  0028
___lwdiv@divisor                                           cstackBANK0  0026
___lwdiv@quotient                                          cstackBANK0  002C
___lwmod                                                   text23       16ED
___lwmod@counter                                           cstackBANK0  002B
___lwmod@dividend                                          cstackBANK0  0028
___lwmod@divisor                                           cstackBANK0  0026
___sp                                                      stack        0000
___stackhi                                                 (abs)        0000
___stacklo                                                 (abs)        0000
___xxtofl                                                  text11       0CF3
___xxtofl@arg                                              cstackBANK0  0035
___xxtofl@exp                                              cstackBANK0  0034
___xxtofl@sign                                             cstackBANK0  0033
___xxtofl@val                                              cstackBANK0  002B
__end_of__Umul8_16                                         text14       159F
__end_of___awmod                                           text50       0964
__end_of___bmul                                            text30       1510
__end_of___flmul                                           text13       03C9
__end_of___fltol                                           text12       0AAB
__end_of___lwdiv                                           text17       17B2
__end_of___lwmod                                           text23       1729
__end_of___xxtofl                                          text11       0DAF
__end_of__fptable                                          functab      005F
__end_of__i1fptable                                        functab      0068
__end_of__initialization                                   cinit        0045
__end_of_adc_u8_get_value                                  text10       167C
__end_of_adc_vid_init                                      text33       1473
__end_of_counter_u8_get_counter                            text22       1435
__end_of_counter_vid_init                                  text37       1800
__end_of_counter_vid_update                                text8        0E6E
__end_of_dio_u8_read_pin_value                             text27       07FA
__end_of_dio_u8_read_port_value                            text28       1576
__end_of_dio_vid_set_pin_direction                         text44       06FF
__end_of_dio_vid_set_pin_value                             text36       07E0
__end_of_dio_vid_set_port_direction                        text35       16B3
__end_of_dio_vid_set_port_value                            text16       164C
__end_of_display_vid_blink_heating_led                     text6        08AF
__end_of_display_vid_init                                  text31       0C54
__end_of_display_vid_set_setting_mode_status               text26       148B
__end_of_display_vid_update                                text7        060A
__end_of_eeprom_external_vid_read                          text38       085D
__end_of_eeprom_external_vid_write                         text25       16ED
__end_of_i2c_u8_master_read_byte                           text48       14F9
__end_of_i2c_u8_master_write_byte                          text47       14BA
__end_of_i2c_u8_master_write_slave_address_with_read_req   text46       14CD
__end_of_i2c_u8_master_write_slave_address_with_write_req  text45       1529
__end_of_i2c_vid_master_init                               text43       161F
__end_of_i2c_vid_nack                                      text42       147F
__end_of_i2c_vid_restart                                   text41       1456
__end_of_i2c_vid_start                                     text40       145F
__end_of_i2c_vid_stop                                      text39       1468
__end_of_i2c_vid_wait                                      text49       080E
__end_of_main                                              maintext     0B36
__end_of_sch_u8_add_task                                   text29       0BC2
__end_of_sch_update                                        text52       1000
__end_of_sch_vid_delete_task                               text18       0A2F
__end_of_sch_vid_dispatch_tasks                            text4        0CF3
__end_of_sch_vid_init                                      text1        15C8
__end_of_ssd_u8_get_code                                   text15       176C
__end_of_ssd_u8_get_state                                  text21       07FE
__end_of_ssd_vid_init                                      text34       154D
__end_of_ssd_vid_set_state                                 text20       143D
__end_of_ssd_vid_set_symbol                                text24       14A8
__end_of_ssd_vid_update                                    text5        0F31
__end_of_switch_u8_get_state                               text19       1497
__end_of_switch_vid_init                                   text32       15F3
__end_of_switch_vid_update                                 text9        04F0
__end_of_timer_isr                                         text51       0909
__end_of_timer_vid_init_0                                  text3        09C9
__end_of_timer_vid_set_isr_0                               text2        1445
__end_ofi1___bmul                                          text53       14E2
__fptable                                                  functab      0049
__i1fptable                                                functab      005F
__initialization                                           cinit        0015
__pbssBANK0                                                bssBANK0     0064
__pbssBANK1                                                bssBANK1     00A0
__pbssCOMMON                                               bssCOMMON    007B
__pcstackBANK0                                             cstackBANK0  0020
__pcstackBANK1                                             cstackBANK1  00EA
__pcstackBANK3                                             cstackBANK3  0190
__pcstackCOMMON                                            cstackCOMMON 0070
__pdataBANK0                                               dataBANK0    0067
__pdataBANK1                                               dataBANK1    00EC
__pdataCOMMON                                              dataCOMMON   007D
__pfunctab                                                 functab      0049
__pidataBANK0                                              idataBANK0   142E
__pidataBANK1                                              idataBANK1   07FF
__pidataCOMMON                                             idataCOMMON  07FE
__pintentry                                                intentry     0004
__pmaintext                                                maintext     0AAB
__ptext1                                                   text1        159F
__ptext10                                                  text10       164C
__ptext11                                                  text11       0CF3
__ptext12                                                  text12       0A2F
__ptext13                                                  text13       0068
__ptext14                                                  text14       1576
__ptext15                                                  text15       1729
__ptext16                                                  text16       161F
__ptext17                                                  text17       176C
__ptext18                                                  text18       09C9
__ptext19                                                  text19       148B
__ptext2                                                   text2        143D
__ptext20                                                  text20       1435
__ptext21                                                  text21       07FA
__ptext22                                                  text22       1431
__ptext23                                                  text23       16ED
__ptext24                                                  text24       1497
__ptext25                                                  text25       16B3
__ptext26                                                  text26       147F
__ptext27                                                  text27       07E0
__ptext28                                                  text28       154D
__ptext29                                                  text29       0B36
__ptext3                                                   text3        0964
__ptext30                                                  text30       14F9
__ptext31                                                  text31       0BC2
__ptext32                                                  text32       15C8
__ptext33                                                  text33       1468
__ptext34                                                  text34       1529
__ptext35                                                  text35       167C
__ptext36                                                  text36       06FF
__ptext37                                                  text37       17B2
__ptext38                                                  text38       080E
__ptext39                                                  text39       145F
__ptext4                                                   text4        0C54
__ptext40                                                  text40       1456
__ptext41                                                  text41       144D
__ptext42                                                  text42       1473
__ptext43                                                  text43       15F3
__ptext44                                                  text44       060A
__ptext45                                                  text45       1510
__ptext46                                                  text46       14BA
__ptext47                                                  text47       14A8
__ptext48                                                  text48       14E2
__ptext49                                                  text49       0801
__ptext5                                                   text5        0E6E
__ptext50                                                  text50       0909
__ptext51                                                  text51       08AF
__ptext52                                                  text52       0F31
__ptext53                                                  text53       14CD
__ptext6                                                   text6        085D
__ptext7                                                   text7        04F0
__ptext8                                                   text8        0DAF
__ptext9                                                   text9        03C9
__size_of__Umul8_16                                        (abs)        0000
__size_of___awmod                                          (abs)        0000
__size_of___bmul                                           (abs)        0000
__size_of___flmul                                          (abs)        0000
__size_of___fltol                                          (abs)        0000
__size_of___lwdiv                                          (abs)        0000
__size_of___lwmod                                          (abs)        0000
__size_of___xxtofl                                         (abs)        0000
__size_of__fptable                                         (abs)        0000
__size_of__i1fptable                                       (abs)        0000
__size_of_adc_u8_get_value                                 (abs)        0000
__size_of_adc_vid_init                                     (abs)        0000
__size_of_counter_u8_get_counter                           (abs)        0000
__size_of_counter_vid_init                                 (abs)        0000
__size_of_counter_vid_update                               (abs)        0000
__size_of_dio_u8_read_pin_value                            (abs)        0000
__size_of_dio_u8_read_port_value                           (abs)        0000
__size_of_dio_vid_set_pin_direction                        (abs)        0000
__size_of_dio_vid_set_pin_value                            (abs)        0000
__size_of_dio_vid_set_port_direction                       (abs)        0000
__size_of_dio_vid_set_port_value                           (abs)        0000
__size_of_display_vid_blink_heating_led                    (abs)        0000
__size_of_display_vid_init                                 (abs)        0000
__size_of_display_vid_set_setting_mode_status              (abs)        0000
__size_of_display_vid_update                               (abs)        0000
__size_of_eeprom_external_vid_read                         (abs)        0000
__size_of_eeprom_external_vid_write                        (abs)        0000
__size_of_i2c_u8_master_read_byte                          (abs)        0000
__size_of_i2c_u8_master_write_byte                         (abs)        0000
__size_of_i2c_u8_master_write_slave_address_with_read_req  (abs)        0000
__size_of_i2c_u8_master_write_slave_address_with_write_req (abs)        0000
__size_of_i2c_vid_master_init                              (abs)        0000
__size_of_i2c_vid_nack                                     (abs)        0000
__size_of_i2c_vid_restart                                  (abs)        0000
__size_of_i2c_vid_start                                    (abs)        0000
__size_of_i2c_vid_stop                                     (abs)        0000
__size_of_i2c_vid_wait                                     (abs)        0000
__size_of_main                                             (abs)        0000
__size_of_sch_u8_add_task                                  (abs)        0000
__size_of_sch_update                                       (abs)        0000
__size_of_sch_vid_delete_task                              (abs)        0000
__size_of_sch_vid_dispatch_tasks                           (abs)        0000
__size_of_sch_vid_init                                     (abs)        0000
__size_of_ssd_u8_get_code                                  (abs)        0000
__size_of_ssd_u8_get_state                                 (abs)        0000
__size_of_ssd_vid_init                                     (abs)        0000
__size_of_ssd_vid_set_state                                (abs)        0000
__size_of_ssd_vid_set_symbol                               (abs)        0000
__size_of_ssd_vid_update                                   (abs)        0000
__size_of_switch_u8_get_state                              (abs)        0000
__size_of_switch_vid_init                                  (abs)        0000
__size_of_switch_vid_update                                (abs)        0000
__size_of_timer_isr                                        (abs)        0000
__size_of_timer_vid_init_0                                 (abs)        0000
__size_of_timer_vid_set_isr_0                              (abs)        0000
__size_ofi1___bmul                                         (abs)        0000
_adc_u8_get_value                                          text10       164C
_adc_vid_init                                              text33       1468
_avg_current_temperatuer                                   bssBANK1     00E1
_buttonPressedFlag                                         bssBANK0     0066
_counter                                                   dataBANK0    0069
_counter_u8_get_counter                                    text22       1431
_counter_vid_init                                          text37       17B2
_counter_vid_update                                        text8        0DAF
_current_state                                             dataCOMMON   007D
_device_state                                              dataBANK0    0067
_dio_u8_read_pin_value                                     text27       07E0
_dio_u8_read_port_value                                    text28       154D
_dio_vid_set_pin_direction                                 text44       060A
_dio_vid_set_pin_value                                     text36       06FF
_dio_vid_set_port_direction                                text35       167C
_dio_vid_set_port_value                                    text16       161F
_display_vid_blink_heating_led                             text6        085D
_display_vid_init                                          text31       0BC2
_display_vid_set_setting_mode_status                       text26       147F
_display_vid_update                                        text7        04F0
_eeprom_external_vid_read                                  text38       080E
_eeprom_external_vid_write                                 text25       16B3
_i2c_u8_master_read_byte                                   text48       14E2
_i2c_u8_master_write_byte                                  text47       14A8
_i2c_u8_master_write_slave_address_with_read_req           text46       14BA
_i2c_u8_master_write_slave_address_with_write_req          text45       1510
_i2c_vid_master_init                                       text43       15F3
_i2c_vid_nack                                              text42       1473
_i2c_vid_restart                                           text41       144D
_i2c_vid_start                                             text40       1456
_i2c_vid_stop                                              text39       145F
_i2c_vid_wait                                              text49       0801
_main                                                      maintext     0AAB
_onOffButtonFlag                                           bssBANK1     00E7
_readings_counter                                          bssCOMMON    007B
_sch_tasks                                                 bssBANK1     00A0
_sch_u8_add_task                                           text29       0B36
_sch_update                                                text52       0F31
_sch_vid_delete_task                                       text18       09C9
_sch_vid_dispatch_tasks                                    text4        0C54
_sch_vid_init                                              text1        159F
_settingModeCounter                                        bssBANK1     00E5
_settingModeFlag                                           bssBANK0     0065
_ssdState                                                  dataBANK0    0068
_ssdSymbol                                                 bssBANK1     00E3
_ssd_u8_get_code                                           text15       1729
_ssd_u8_get_state                                          text21       07FA
_ssd_vid_init                                              text34       1529
_ssd_vid_set_state                                         text20       1435
_ssd_vid_set_symbol                                        text24       1497
_ssd_vid_update                                            text5        0E6E
_state                                                     bssBANK0     0064
_switch_u8_get_state                                       text19       148B
_switch_vid_init                                           text32       15C8
_switch_vid_update                                         text9        03C9
_timer0_isr                                                bssCOMMON    007C
_timer1_isr                                                bssBANK1     00E9
_timer2_isr                                                bssBANK1     00E8
_timer_isr                                                 text51       08AF
_timer_vid_init_0                                          text3        0964
_timer_vid_set_isr_0                                       text2        143D
adc_u8_get_value@channel                                   cstackBANK0  002A
btemp                                                      (abs)        007E
clear_ram0                                                 clrtext      1445
dio_u8_read_pin_value@index                                cstackBANK0  0029
dio_u8_read_pin_value@port                                 cstackBANK0  002C
dio_u8_read_pin_value@portNumber                           cstackBANK0  002B
dio_u8_read_port_value@portNumber                          cstackBANK0  0028
dio_vid_set_pin_direction@direction                        cstackBANK0  0027
dio_vid_set_pin_direction@index                            cstackBANK0  0026
dio_vid_set_pin_direction@portNumber                       cstackBANK0  002A
dio_vid_set_pin_value@index                                cstackBANK0  0026
dio_vid_set_pin_value@portNumber                           cstackBANK0  002A
dio_vid_set_pin_value@value                                cstackBANK0  0027
dio_vid_set_port_direction@direction                       cstackBANK0  0026
dio_vid_set_port_direction@portNumber                      cstackBANK0  0029
dio_vid_set_port_value@portNumber                          cstackBANK0  002C
dio_vid_set_port_value@value                               cstackBANK0  0029
display_vid_set_setting_mode_status@mode                   cstackBANK0  0027
eeprom_external_vid_read@address                           cstackBANK0  002D
eeprom_external_vid_read@data                              cstackBANK0  002E
eeprom_external_vid_write@address                          cstackBANK0  002D
eeprom_external_vid_write@data                             cstackBANK0  002C
end_of_initialization                                      cinit        0045
fpbase                                                     functab      004E
fptable                                                    functab      0049
fptotal                                                    (abs)        000A
i1___bmul                                                  text53       14CD
i1___bmul@multiplicand                                     cstackCOMMON 0070
i1___bmul@multiplier                                       cstackCOMMON 0072
i1___bmul@product                                          cstackCOMMON 0073
i1fpbase                                                   functab      0064
i1fptable                                                  functab      005F
i1fptotal                                                  (abs)        0002
i2c_u8_master_write_byte@data                              cstackBANK0  0026
i2c_u8_master_write_slave_address_with_read_req@address    cstackBANK0  0026
i2c_u8_master_write_slave_address_with_write_req@address   cstackBANK0  0027
interrupt_function                                         intentry     0004
intlevel0                                                  functab      0049
intlevel1                                                  functab      0049
intlevel2                                                  functab      0049
intlevel3                                                  functab      0049
intlevel4                                                  functab      0049
intlevel5                                                  functab      0049
reset_vec                                                  reset_vec    0000
saved_w                                                    (abs)        007E
sch_u8_add_task@delay                                      cstackBANK0  002A
sch_u8_add_task@index                                      cstackBANK0  0035
sch_u8_add_task@period                                     cstackBANK0  002E
sch_u8_add_task@taskFunction                               cstackBANK0  0034
sch_update@index                                           cstackCOMMON 007A
sch_vid_delete_task@index                                  cstackBANK0  002B
sch_vid_dispatch_tasks@index                               cstackBANK0  0063
sch_vid_init@i                                             cstackBANK0  002D
ssd_u8_get_code@number                                     cstackBANK0  0028
ssd_vid_set_state@state                                    cstackBANK0  0027
ssd_vid_set_symbol@symbol                                  cstackBANK0  0028
ssd_vid_update@ones                                        cstackBANK0  002F
ssd_vid_update@tens                                        cstackBANK0  0030
start                                                      init         0012
start_initialization                                       cinit        0015
switch_vid_update@current_temperature                      cstackBANK1  00EA
switch_vid_update@set_temperature                          cstackBANK1  00EB
timer_vid_init_0@interruptEnable                           cstackBANK0  0028
timer_vid_init_0@prescaler                                 cstackBANK0  0026
timer_vid_set_isr_0@callback_function                      cstackBANK0  0027
wtemp0                                                     (abs)        007E


FUNCTION INFORMATION:

 *************** function _main *****************
 Defined at:
		line 18 in file "main.c"
 Parameters:    Size  Location     Type
		None
 Auto vars:     Size  Location     Type
		None
 Return value:  Size  Location     Type
                  2  339[None  ] int 
 Registers used:
		wreg, fsr0l, fsr0h, status,2, status,0, btemp+1, pclath, cstack
 Tracked objects:
		On entry : 
		On exit  : 
		Unchanged: 
 Data sizes:     COMMON   BANK0   BANK1   BANK3   BANK2
      Params:         0       0       0       0       0
      Locals:         0       0       0       0       0
      Temps:          0       0       0       0       0
      Totals:         0       0       0       0       0
Total ram usage:        0 bytes
 Hardware stack levels required when called:    8
 This function calls:
		_display_vid_init
		_sch_u8_add_task
		_sch_vid_dispatch_tasks
		_sch_vid_init
 This function is called by:
		Startup code after reset
 This function uses a non-reentrant model


 *************** function _sch_vid_init *****************
 Defined at:
		line 19 in file "scheduler.c"
 Parameters:    Size  Location     Type
		None
 Auto vars:     Size  Location     Type
  i               1   13[BANK0 ] unsigned char 
 Return value:  Size  Location     Type
                  1    wreg      void 
 Registers used:
		wreg, fsr0l, fsr0h, status,2, status,0, pclath, cstack
 Tracked objects:
		On entry : 
		On exit  : 
		Unchanged: 
 Data sizes:     COMMON   BANK0   BANK1   BANK3   BANK2
      Params:         0       0       0       0       0
      Locals:         0       1       0       0       0
      Temps:          0       1       0       0       0
      Totals:         0       2       0       0       0
Total ram usage:        2 bytes
 Hardware stack levels used:    1
 Hardware stack levels required when called:    5
 This function calls:
		_sch_vid_delete_task
		_timer_vid_init_0
		_timer_vid_set_isr_0
 This function is called by:
		_main
 This function uses a non-reentrant model


 *************** function _timer_vid_set_isr_0 *****************
 Defined at:
		line 36 in file "timer.c"
 Parameters:    Size  Location     Type
  callback_fun    1    wreg     PTR FTN()void 
		 -> sch_update(1), 
 Auto vars:     Size  Location     Type
  callback_fun    1    7[BANK0 ] PTR FTN()void 
		 -> sch_update(1), 
 Return value:  Size  Location     Type
                  1    wreg      void 
 Registers used:
		wreg
 Tracked objects:
		On entry : 
		On exit  : 
		Unchanged: 
 Data sizes:     COMMON   BANK0   BANK1   BANK3   BANK2
      Params:         0       0       0       0       0
      Locals:         0       1       0       0       0
      Temps:          0       1       0       0       0
      Totals:         0       2       0       0       0
Total ram usage:        2 bytes
 Hardware stack levels used:    1
 Hardware stack levels required when called:    3
 This function calls:
		Nothing
 This function is called by:
		_sch_vid_init
 This function uses a non-reentrant model


 *************** function _timer_vid_init_0 *****************
 Defined at:
		line 48 in file "timer.c"
 Parameters:    Size  Location     Type
  prescaler       2    6[BANK0 ] unsigned short 
  interruptEna    1    8[BANK0 ] unsigned char 
 Auto vars:     Size  Location     Type
		None
 Return value:  Size  Location     Type
                  1    wreg      void 
 Registers used:
		wreg, fsr0l, fsr0h, status,2, status,0
 Tracked objects:
		On entry : 
		On exit  : 
		Unchanged: 
 Data sizes:     COMMON   BANK0   BANK1   BANK3   BANK2
      Params:         0       3       0       0       0
      Locals:         0       0       0       0       0
      Temps:          0       0       0       0       0
      Totals:         0       3       0       0       0
Total ram usage:        3 bytes
 Hardware stack levels used:    1
 Hardware stack levels required when called:    3
 This function calls:
		Nothing
 This function is called by:
		_sch_vid_init
 This function uses a non-reentrant model


 *************** function _sch_vid_dispatch_tasks *****************
 Defined at:
		line 73 in file "scheduler.c"
 Parameters:    Size  Location     Type
		None
 Auto vars:     Size  Location     Type
  index           1   67[BANK0 ] unsigned char 
 Return value:  Size  Location     Type
                  1    wreg      void 
 Registers used:
		wreg, fsr0l, fsr0h, status,2, status,0, btemp+1, pclath, cstack
 Tracked objects:
		On entry : 
		On exit  : 
		Unchanged: 
 Data sizes:     COMMON   BANK0   BANK1   BANK3   BANK2
      Params:         0       0       0       0       0
      Locals:         0       1       0       0       0
      Temps:          0       0       0       5       0
      Totals:         0       1       0       5       0
Total ram usage:        6 bytes
 Hardware stack levels used:    1
 Hardware stack levels required when called:    7
 This function calls:
		Absolute function
		___bmul
		_counter_vid_update
		_display_vid_blink_heating_led
		_display_vid_update
		_sch_vid_delete_task
		_ssd_vid_update
		_switch_vid_update
 This function is called by:
		_main
 This function uses a non-reentrant model


 *************** function _ssd_vid_update *****************
 Defined at:
		line 30 in file "ssd.c"
 Parameters:    Size  Location     Type
		None
 Auto vars:     Size  Location     Type
  tens            1   16[BANK0 ] unsigned char 
  ones            1   15[BANK0 ] unsigned char 
 Return value:  Size  Location     Type
                  1    wreg      void 
 Registers used:
		wreg, fsr0l, fsr0h, status,2, status,0, pclath, cstack
 Tracked objects:
		On entry : 
		On exit  : 
		Unchanged: 
 Data sizes:     COMMON   BANK0   BANK1   BANK3   BANK2
      Params:         0       0       0       0       0
      Locals:         0       2       0       0       0
      Temps:          0       1       0       0       0
      Totals:         0       3       0       0       0
Total ram usage:        3 bytes
 Hardware stack levels used:    1
 Hardware stack levels required when called:    5
 This function calls:
		___lwdiv
		___lwmod
		_dio_u8_read_pin_value
		_dio_vid_set_pin_value
		_dio_vid_set_port_value
		_ssd_u8_get_code
 This function is called by:
		_main
		_sch_vid_dispatch_tasks
 This function uses a non-reentrant model


 *************** function _display_vid_blink_heating_led *****************
 Defined at:
		line 103 in file "display.c"
 Parameters:    Size  Location     Type
		None
 Auto vars:     Size  Location     Type
		None
 Return value:  Size  Location     Type
                  1    wreg      void 
 Registers used:
		wreg, fsr0l, fsr0h, status,2, status,0, pclath, cstack
 Tracked objects:
		On entry : 
		On exit  : 
		Unchanged: 
 Data sizes:     COMMON   BANK0   BANK1   BANK3   BANK2
      Params:         0       0       0       0       0
      Locals:         0       0       0       0       0
      Temps:          0       1       0       0       0
      Totals:         0       1       0       0       0
Total ram usage:        1 bytes
 Hardware stack levels used:    1
 Hardware stack levels required when called:    5
 This function calls:
		_dio_u8_read_pin_value
		_dio_vid_set_pin_value
 This function is called by:
		_main
		_sch_vid_dispatch_tasks
 This function uses a non-reentrant model


 *************** function _display_vid_update *****************
 Defined at:
		line 43 in file "display.c"
 Parameters:    Size  Location     Type
		None
 Auto vars:     Size  Location     Type
		None
 Return value:  Size  Location     Type
                  1    wreg      void 
 Registers used:
		wreg, fsr0l, fsr0h, status,2, status,0, pclath, cstack
 Tracked objects:
		On entry : 
		On exit  : 
		Unchanged: 
 Data sizes:     COMMON   BANK0   BANK1   BANK3   BANK2
      Params:         0       0       0       0       0
      Locals:         0       0       0       0       0
      Temps:          0       1       0       0       0
      Totals:         0       1       0       0       0
Total ram usage:        1 bytes
 Hardware stack levels used:    1
 Hardware stack levels required when called:    4
 This function calls:
		___lwmod
		_counter_u8_get_counter
		_dio_vid_set_pin_value
		_ssd_u8_get_state
		_ssd_vid_set_state
		_ssd_vid_set_symbol
		_switch_u8_get_state
 This function is called by:
		_main
		_sch_vid_dispatch_tasks
 This function uses a non-reentrant model


 *************** function _counter_vid_update *****************
 Defined at:
		line 33 in file "counter.c"
 Parameters:    Size  Location     Type
		None
 Auto vars:     Size  Location     Type
		None
 Return value:  Size  Location     Type
                  1    wreg      void 
 Registers used:
		wreg, fsr0l, fsr0h, status,2, status,0, btemp+1, pclath, cstack
 Tracked objects:
		On entry : 
		On exit  : 
		Unchanged: 
 Data sizes:     COMMON   BANK0   BANK1   BANK3   BANK2
      Params:         0       0       0       0       0
      Locals:         0       0       0       0       0
      Temps:          0       2       0       0       0
      Totals:         0       2       0       0       0
Total ram usage:        2 bytes
 Hardware stack levels used:    1
 Hardware stack levels required when called:    6
 This function calls:
		_dio_u8_read_pin_value
		_display_vid_set_setting_mode_status
		_eeprom_external_vid_write
		_ssd_vid_set_symbol
 This function is called by:
		_main
		_sch_vid_dispatch_tasks
 This function uses a non-reentrant model


 *************** function _switch_vid_update *****************
 Defined at:
		line 29 in file "switch.c"
 Parameters:    Size  Location     Type
		None
 Auto vars:     Size  Location     Type
  set_temperat    1    1[BANK1 ] unsigned char 
  current_temp    1    0[BANK1 ] unsigned char 
 Return value:  Size  Location     Type
                  1    wreg      void 
 Registers used:
		wreg, fsr0l, fsr0h, status,2, status,0, btemp+1, pclath, cstack
 Tracked objects:
		On entry : 
		On exit  : 
		Unchanged: 
 Data sizes:     COMMON   BANK0   BANK1   BANK3   BANK2
      Params:         0       0       0       0       0
      Locals:         0       0       2       0       0
      Temps:          0       5       0       0       0
      Totals:         0       5       2       0       0
Total ram usage:        7 bytes
 Hardware stack levels used:    1
 Hardware stack levels required when called:    5
 This function calls:
		___flmul
		___fltol
		___lwdiv
		___xxtofl
		_adc_u8_get_value
		_counter_u8_get_counter
		_dio_u8_read_pin_value
 This function is called by:
		_main
		_sch_vid_dispatch_tasks
 This function uses a non-reentrant model


 *************** function _adc_u8_get_value *****************
 Defined at:
		line 25 in file "adc.c"
 Parameters:    Size  Location     Type
  channel         1    wreg     unsigned char 
 Auto vars:     Size  Location     Type
  channel         1   10[BANK0 ] unsigned char 
 Return value:  Size  Location     Type
                  2    6[BANK0 ] unsigned short 
 Registers used:
		wreg, status,2, status,0
 Tracked objects:
		On entry : 
		On exit  : 
		Unchanged: 
 Data sizes:     COMMON   BANK0   BANK1   BANK3   BANK2
      Params:         0       2       0       0       0
      Locals:         0       1       0       0       0
      Temps:          0       2       0       0       0
      Totals:         0       5       0       0       0
Total ram usage:        5 bytes
 Hardware stack levels used:    1
 Hardware stack levels required when called:    3
 This function calls:
		Nothing
 This function is called by:
		_switch_vid_update
 This function uses a non-reentrant model


 *************** function ___xxtofl *****************
 Defined at:
		line 10 in file "C:\Program Files (x86)\Microchip\xc8\v2.10\pic\sources\c90\common\xxtofl.c"
 Parameters:    Size  Location     Type
  sign            1    wreg     unsigned char 
  val             4   11[BANK0 ] long 
 Auto vars:     Size  Location     Type
  sign            1   19[BANK0 ] unsigned char 
  arg             4   21[BANK0 ] unsigned long 
  exp             1   20[BANK0 ] unsigned char 
 Return value:  Size  Location     Type
                  4   11[BANK0 ] unsigned char 
 Registers used:
		wreg, status,2, status,0
 Tracked objects:
		On entry : 
		On exit  : 
		Unchanged: 
 Data sizes:     COMMON   BANK0   BANK1   BANK3   BANK2
      Params:         0       4       0       0       0
      Locals:         0       6       0       0       0
      Temps:          0       4       0       0       0
      Totals:         0      14       0       0       0
Total ram usage:       14 bytes
 Hardware stack levels used:    1
 Hardware stack levels required when called:    3
 This function calls:
		Nothing
 This function is called by:
		_switch_vid_update
 This function uses a non-reentrant model


 *************** function ___fltol *****************
 Defined at:
		line 43 in file "C:\Program Files (x86)\Microchip\xc8\v2.10\pic\sources\c90\common\fltol.c"
 Parameters:    Size  Location     Type
  f1              4   51[BANK0 ] unsigned char 
 Auto vars:     Size  Location     Type
  exp1            1   61[BANK0 ] unsigned char 
  sign1           1   60[BANK0 ] unsigned char 
 Return value:  Size  Location     Type
                  4   51[BANK0 ] long 
 Registers used:
		wreg, status,2, status,0
 Tracked objects:
		On entry : 
		On exit  : 
		Unchanged: 
 Data sizes:     COMMON   BANK0   BANK1   BANK3   BANK2
      Params:         0       4       0       0       0
      Locals:         0       2       0       0       0
      Temps:          0       5       0       0       0
      Totals:         0      11       0       0       0
Total ram usage:       11 bytes
 Hardware stack levels used:    1
 Hardware stack levels required when called:    3
 This function calls:
		Nothing
 This function is called by:
		_switch_vid_update
 This function uses a non-reentrant model


 *************** function ___flmul *****************
 Defined at:
		line 8 in file "C:\Program Files (x86)\Microchip\xc8\v2.10\pic\sources\c90\common\sprcmul.c"
 Parameters:    Size  Location     Type
  b               4   25[BANK0 ] long 
  a               4   29[BANK0 ] long 
 Auto vars:     Size  Location     Type
  prod            4   45[BANK0 ] struct .
  grs             4   40[BANK0 ] unsigned long 
  temp            2   49[BANK0 ] struct .
  bexp            1   44[BANK0 ] unsigned char 
  aexp            1   39[BANK0 ] unsigned char 
  sign            1   38[BANK0 ] unsigned char 
 Return value:  Size  Location     Type
                  4   25[BANK0 ] unsigned char 
 Registers used:
		wreg, status,2, status,0, btemp+1, pclath, cstack
 Tracked objects:
		On entry : 
		On exit  : 
		Unchanged: 
 Data sizes:     COMMON   BANK0   BANK1   BANK3   BANK2
      Params:         0       8       0       0       0
      Locals:         0      13       0       0       0
      Temps:          0       5       0       0       0
      Totals:         0      26       0       0       0
Total ram usage:       26 bytes
 Hardware stack levels used:    1
 Hardware stack levels required when called:    4
 This function calls:
		__Umul8_16
 This function is called by:
		_switch_vid_update
 This function uses a non-reentrant model


 *************** function __Umul8_16 *****************
 Defined at:
		line 4 in file "C:\Program Files (x86)\Microchip\xc8\v2.10\pic\sources\c90\common\Umul8_16.c"
 Parameters:    Size  Location     Type
  multiplier      1    wreg     unsigned char 
  multiplicand    1    6[BANK0 ] unsigned char 
 Auto vars:     Size  Location     Type
  multiplier      1   14[BANK0 ] unsigned char 
  word_mpld       2   12[BANK0 ] unsigned int 
  product         2   10[BANK0 ] unsigned int 
 Return value:  Size  Location     Type
                  2    6[BANK0 ] unsigned int 
 Registers used:
		wreg, status,2, status,0
 Tracked objects:
		On entry : 
		On exit  : 
		Unchanged: 
 Data sizes:     COMMON   BANK0   BANK1   BANK3   BANK2
      Params:         0       2       0       0       0
      Locals:         0       5       0       0       0
      Temps:          0       2       0       0       0
      Totals:         0       9       0       0       0
Total ram usage:        9 bytes
 Hardware stack levels used:    1
 Hardware stack levels required when called:    3
 This function calls:
		Nothing
 This function is called by:
		___flmul
 This function uses a non-reentrant model


 *************** function _ssd_u8_get_code *****************
 Defined at:
		line 70 in file "ssd.c"
 Parameters:    Size  Location     Type
  number          1    wreg     unsigned char 
 Auto vars:     Size  Location     Type
  number          1    8[BANK0 ] unsigned char 
 Return value:  Size  Location     Type
                  1    wreg      unsigned char 
 Registers used:
		wreg, fsr0l, fsr0h, status,2, status,0
[...]
 Registers used:
		wreg, status,2, status,0, pclath, cstack
 Tracked objects:
		On entry : 
		On exit  : 
		Unchanged: 
 Data sizes:     COMMON   BANK0   BANK1   BANK3   BANK2
      Params:         0       0       0       0       0
      Locals:         0       0       0       0       0
      Temps:          0       0       0       0       0
      Totals:         0       0       0       0       0
Total ram usage:        0 bytes
 Hardware stack levels used:    1
 Hardware stack levels required when called:    4
 This function calls:
		_i2c_vid_wait
 This function is called by:
		_eeprom_external_vid_write
		_eeprom_external_vid_read
 This function uses a non-reentrant model


 *************** function _i2c_vid_start *****************
 Defined at:
		line 37 in file "i2c.c"
 Parameters:    Size  Location     Type
		None
 Auto vars:     Size  Location     Type
		None
 Return value:  Size  Location     Type
                  1    wreg      void 
 Registers used:
		wreg, status,2, status,0, pclath, cstack
 Tracked objects:
		On entry : 
		On exit  : 
		Unchanged: 
 Data sizes:     COMMON   BANK0   BANK1   BANK3   BANK2
      Params:         0       0       0       0       0
      Locals:         0       0       0       0       0
      Temps:          0       0       0       0       0
      Totals:         0       0       0       0       0
Total ram usage:        0 bytes
 Hardware stack levels used:    1
 Hardware stack levels required when called:    4
 This function calls:
		_i2c_vid_wait
 This function is called by:
		_eeprom_external_vid_write
		_eeprom_external_vid_read
 This function uses a non-reentrant model


 *************** function _i2c_vid_restart *****************
 Defined at:
		line 49 in file "i2c.c"
 Parameters:    Size  Location     Type
		None
 Auto vars:     Size  Location     Type
		None
 Return value:  Size  Location     Type
                  1    wreg      void 
 Registers used:
		wreg, status,2, status,0, pclath, cstack
 Tracked objects:
		On entry : 
		On exit  : 
		Unchanged: 
 Data sizes:     COMMON   BANK0   BANK1   BANK3   BANK2
      Params:         0       0       0       0       0
      Locals:         0       0       0       0       0
      Temps:          0       0       0       0       0
      Totals:         0       0       0       0       0
Total ram usage:        0 bytes
 Hardware stack levels used:    1
 Hardware stack levels required when called:    4
 This function calls:
		_i2c_vid_wait
 This function is called by:
		_eeprom_external_vid_write
		_eeprom_external_vid_read
 This function uses a non-reentrant model


 *************** function _i2c_vid_nack *****************
 Defined at:
		line 65 in file "i2c.c"
 Parameters:    Size  Location     Type
		None
 Auto vars:     Size  Location     Type
		None
 Return value:  Size  Location     Type
                  1    wreg      void 
 Registers used:
		wreg, status,2, status,0, pclath, cstack
 Tracked objects:
		On entry : 
		On exit  : 
		Unchanged: 
 Data sizes:     COMMON   BANK0   BANK1   BANK3   BANK2
      Params:         0       0       0       0       0
      Locals:         0       0       0       0       0
      Temps:          0       0       0       0       0
      Totals:         0       0       0       0       0
Total ram usage:        0 bytes
 Hardware stack levels used:    1
 Hardware stack levels required when called:    4
 This function calls:
		_i2c_vid_wait
 This function is called by:
		_eeprom_external_vid_read
 This function uses a non-reentrant model


 *************** function _i2c_vid_master_init *****************
 Defined at:
		line 16 in file "i2c.c"
 Parameters:    Size  Location     Type
		None
 Auto vars:     Size  Location     Type
		None
 Return value:  Size  Location     Type
                  1    wreg      void 
 Registers used:
		wreg, fsr0l, fsr0h, status,2, status,0, pclath, cstack
 Tracked objects:
		On entry : 
		On exit  : 
		Unchanged: 
 Data sizes:     COMMON   BANK0   BANK1   BANK3   BANK2
      Params:         0       0       0       0       0
      Locals:         0       0       0       0       0
      Temps:          0       1       0       0       0
      Totals:         0       1       0       0       0
Total ram usage:        1 bytes
 Hardware stack levels used:    1
 Hardware stack levels required when called:    4
 This function calls:
		_dio_vid_set_pin_direction
 This function is called by:
		_eeprom_external_vid_write
		_eeprom_external_vid_read
 This function uses a non-reentrant model


 *************** function _dio_vid_set_pin_direction *****************
 Defined at:
		line 116 in file "dio.c"
 Parameters:    Size  Location     Type
  portNumber      1    wreg     unsigned char 
  index           1    6[BANK0 ] unsigned char 
  direction       1    7[BANK0 ] unsigned char 
 Auto vars:     Size  Location     Type
  portNumber      1   10[BANK0 ] unsigned char 
 Return value:  Size  Location     Type
                  1    wreg      void 
 Registers used:
		wreg, fsr0l, fsr0h, status,2, status,0
 Tracked objects:
		On entry : 
		On exit  : 
		Unchanged: 
 Data sizes:     COMMON   BANK0   BANK1   BANK3   BANK2
      Params:         0       2       0       0       0
      Locals:         0       1       0       0       0
      Temps:          0       2       0       0       0
      Totals:         0       5       0       0       0
Total ram usage:        5 bytes
 Hardware stack levels used:    1
 Hardware stack levels required when called:    3
 This function calls:
		Nothing
 This function is called by:
		_counter_vid_init
		_display_vid_init
		_i2c_vid_master_init
		_ssd_vid_init
		_switch_vid_init
 This function uses a non-reentrant model


 *************** function _i2c_u8_master_write_slave_address_with_write_req *****************
 Defined at:
		line 71 in file "i2c.c"
 Parameters:    Size  Location     Type
  address         1    wreg     unsigned char 
 Auto vars:     Size  Location     Type
  address         1    7[BANK0 ] unsigned char 
 Return value:  Size  Location     Type
                  1    wreg      unsigned char 
 Registers used:
		wreg, status,2, status,0, pclath, cstack
 Tracked objects:
		On entry : 
		On exit  : 
		Unchanged: 
 Data sizes:     COMMON   BANK0   BANK1   BANK3   BANK2
      Params:         0       0       0       0       0
      Locals:         0       1       0       0       0
      Temps:          0       1       0       0       0
      Totals:         0       2       0       0       0
Total ram usage:        2 bytes
 Hardware stack levels used:    1
 Hardware stack levels required when called:    4
 This function calls:
		_i2c_vid_wait
 This function is called by:
		_eeprom_external_vid_write
		_eeprom_external_vid_read
 This function uses a non-reentrant model


 *************** function _i2c_u8_master_write_slave_address_with_read_req *****************
 Defined at:
		line 82 in file "i2c.c"
 Parameters:    Size  Location     Type
  address         1    wreg     unsigned char 
 Auto vars:     Size  Location     Type
  address         1    6[BANK0 ] unsigned char 
 Return value:  Size  Location     Type
                  1    wreg      unsigned char 
 Registers used:
		wreg, status,2, status,0, pclath, cstack
 Tracked objects:
		On entry : 
		On exit  : 
		Unchanged: 
 Data sizes:     COMMON   BANK0   BANK1   BANK3   BANK2
      Params:         0       0       0       0       0
      Locals:         0       1       0       0       0
      Temps:          0       0       0       0       0
      Totals:         0       1       0       0       0
Total ram usage:        1 bytes
 Hardware stack levels used:    1
 Hardware stack levels required when called:    4
 This function calls:
		_i2c_vid_wait
 This function is called by:
		_eeprom_external_vid_read
 This function uses a non-reentrant model


 *************** function _i2c_u8_master_write_byte *****************
 Defined at:
		line 93 in file "i2c.c"
 Parameters:    Size  Location     Type
  data            1    wreg     unsigned char 
 Auto vars:     Size  Location     Type
  data            1    6[BANK0 ] unsigned char 
 Return value:  Size  Location     Type
                  1    wreg      unsigned char 
 Registers used:
		wreg, status,2, status,0, pclath, cstack
 Tracked objects:
		On entry : 
		On exit  : 
		Unchanged: 
 Data sizes:     COMMON   BANK0   BANK1   BANK3   BANK2
      Params:         0       0       0       0       0
      Locals:         0       1       0       0       0
      Temps:          0       0       0       0       0
      Totals:         0       1       0       0       0
Total ram usage:        1 bytes
 Hardware stack levels used:    1
 Hardware stack levels required when called:    4
 This function calls:
		_i2c_vid_wait
 This function is called by:
		_eeprom_external_vid_write
		_eeprom_external_vid_read
 This function uses a non-reentrant model


 *************** function _i2c_u8_master_read_byte *****************
 Defined at:
		line 103 in file "i2c.c"
 Parameters:    Size  Location     Type
		None
 Auto vars:     Size  Location     Type
		None
 Return value:  Size  Location     Type
                  1    wreg      unsigned char 
 Registers used:
		wreg, status,2, status,0, pclath, cstack
 Tracked objects:
		On entry : 
		On exit  : 
		Unchanged: 
 Data sizes:     COMMON   BANK0   BANK1   BANK3   BANK2
      Params:         0       0       0       0       0
      Locals:         0       0       0       0       0
      Temps:          0       0       0       0       0
      Totals:         0       0       0       0       0
Total ram usage:        0 bytes
 Hardware stack levels used:    1
 Hardware stack levels required when called:    4
 This function calls:
		_i2c_vid_wait
 This function is called by:
		_eeprom_external_vid_read
 This function uses a non-reentrant model


 *************** function _i2c_vid_wait *****************
 Defined at:
		line 55 in file "i2c.c"
 Parameters:    Size  Location     Type
		None
 Auto vars:     Size  Location     Type
		None
 Return value:  Size  Location     Type
                  1    wreg      void 
 Registers used:
		wreg, status,2
 Tracked objects:
		On entry : 
		On exit  : 
		Unchanged: 
 Data sizes:     COMMON   BANK0   BANK1   BANK3   BANK2
      Params:         0       0       0       0       0
      Locals:         0       0       0       0       0
      Temps:          0       0       0       0       0
      Totals:         0       0       0       0       0
Total ram usage:        0 bytes
 Hardware stack levels used:    1
 Hardware stack levels required when called:    3
 This function calls:
		Nothing
 This function is called by:
		_i2c_vid_start
		_i2c_vid_stop
		_i2c_vid_restart
		_i2c_vid_nack
		_i2c_u8_master_write_slave_address_with_write_req
		_i2c_u8_master_write_slave_address_with_read_req
		_i2c_u8_master_write_byte
		_i2c_u8_master_read_byte
		_i2c_vid_ack
 This function uses a non-reentrant model


 *************** function ___awmod *****************
 Defined at:
		line 5 in file "C:\Program Files (x86)\Microchip\xc8\v2.10\pic\sources\c90\common\awmod.c"
 Parameters:    Size  Location     Type
  divisor         2    6[BANK0 ] int 
  dividend        2    8[BANK0 ] int 
 Auto vars:     Size  Location     Type
  sign            1   12[BANK0 ] unsigned char 
  counter         1   11[BANK0 ] unsigned char 
 Return value:  Size  Location     Type
                  2    6[BANK0 ] int 
 Registers used:
		wreg, status,2, status,0
 Tracked objects:
		On entry : 
		On exit  : 
		Unchanged: 
 Data sizes:     COMMON   BANK0   BANK1   BANK3   BANK2
      Params:         0       4       0       0       0
      Locals:         0       2       0       0       0
      Temps:          0       1       0       0       0
      Totals:         0       7       0       0       0
Total ram usage:        7 bytes
 Hardware stack levels used:    1
 Hardware stack levels required when called:    3
 This function calls:
		Nothing
 This function is called by:
		_counter_vid_init
 This function uses a non-reentrant model


 *************** function _timer_isr *****************
 Defined at:
		line 21 in file "timer.c"
 Parameters:    Size  Location     Type
		None
 Auto vars:     Size  Location     Type
		None
 Return value:  Size  Location     Type
                  1    wreg      void 
 Registers used:
		wreg, fsr0l, fsr0h, status,2, status,0, pclath, cstack
 Tracked objects:
		On entry : 
		On exit  : 
		Unchanged: 
 Data sizes:     COMMON   BANK0   BANK1   BANK3   BANK2
      Params:         0       0       0       0       0
      Locals:         0       0       0       0       0
      Temps:          0       6       0       0       0
      Totals:         0       6       0       0       0
Total ram usage:        6 bytes
 Hardware stack levels used:    1
 Hardware stack levels required when called:    2
 This function calls:
		Absolute function
		_sch_update
 This function is called by:
		Interrupt level 1
 This function uses a non-reentrant model


 *************** function _sch_update *****************
 Defined at:
		line 29 in file "scheduler.c"
 Parameters:    Size  Location     Type
		None
 Auto vars:     Size  Location     Type
  index           1   10[COMMON] unsigned char 
 Return value:  Size  Location     Type
                  1    wreg      void 
 Registers used:
		wreg, fsr0l, fsr0h, status,2, status,0, pclath, cstack
 Tracked objects:
		On entry : 
		On exit  : 
		Unchanged: 
 Data sizes:     COMMON   BANK0   BANK1   BANK3   BANK2
      Params:         0       0       0       0       0
      Locals:         1       0       0       0       0
      Temps:          6       0       0       0       0
      Totals:         7       0       0       0       0
Total ram usage:        7 bytes
 Hardware stack levels used:    1
 Hardware stack levels required when called:    1
 This function calls:
		i1___bmul
 This function is called by:
		_sch_vid_init
		_timer_isr
 This function uses a non-reentrant model


 *************** function i1___bmul *****************
 Defined at:
		line 4 in file "C:\Program Files (x86)\Microchip\xc8\v2.10\pic\sources\c90\common\Umul8.c"
 Parameters:    Size  Location     Type
  multiplier      1    wreg     unsigned char 
  multiplicand    1    0[COMMON] unsigned char 
 Auto vars:     Size  Location     Type
  multiplier      1    2[COMMON] unsigned char 
  __bmul          1    3[COMMON] unsigned char 
 Return value:  Size  Location     Type
                  1    wreg      unsigned char 
 Registers used:
		wreg, status,2, status,0
 Tracked objects:
		On entry : 
		On exit  : 
		Unchanged: 
 Data sizes:     COMMON   BANK0   BANK1   BANK3   BANK2
      Params:         1       0       0       0       0
      Locals:         2       0       0       0       0
      Temps:          1       0       0       0       0
      Totals:         4       0       0       0       0
Total ram usage:        4 bytes
 Hardware stack levels used:    1
 This function calls:
		Nothing
 This function is called by:
		_sch_update
 This function uses a non-reentrant model



MODULE INFORMATION

Module		Function		Class		Link	Load	Size
ssd.c
		_ssd_vid_set_symbol		CODE           	1497	0000	18
		_ssd_u8_get_state		CODE           	07FA	0000	5
		_ssd_vid_init  		CODE           	1529	0000	37
		_ssd_u8_get_code		CODE           	1729	0000	68
		_ssd_vid_set_state		CODE           	1435	0000	9
		_ssd_vid_update		CODE           	0E6E	0000	196

ssd.c estimated size: 333

C:\Program Files (x86)\Microchip\xc8\v2.10\pic\sources\c90\common\lwdiv.c
		___lwdiv       		CODE           	176C	0000	71

C:\Program Files (x86)\Microchip\xc8\v2.10\pic\sources\c90\common\lwdiv.c estimated size: 71

C:\Program Files (x86)\Microchip\xc8\v2.10\pic\sources\c90\common\fltol.c
		___fltol       		CODE           	0A2F	0000	125

C:\Program Files (x86)\Microchip\xc8\v2.10\pic\sources\c90\common\fltol.c estimated size: 125

eeprom_external.c
		_eeprom_external_vid_read		CODE           	080E	0000	80
		_eeprom_external_vid_write		CODE           	16B3	0000	59

eeprom_external.c estimated size: 139

C:\Program Files (x86)\Microchip\xc8\v2.10\pic\sources\c90\common\Umul8.c
		___bmul        		CODE           	14F9	0000	24

C:\Program Files (x86)\Microchip\xc8\v2.10\pic\sources\c90\common\Umul8.c estimated size: 24

timer.c
		_timer_vid_init_0		CODE           	0964	0000	102
		_timer_isr     		CODE           	08AF	0000	91
		_timer_vid_set_isr_0		CODE           	143D	0000	9

timer.c estimated size: 202

dio.c
		_dio_vid_set_pin_value		CODE           	06FF	0000	226
		_dio_u8_read_port_value		CODE           	154D	0000	42
		_dio_vid_set_port_direction		CODE           	167C	0000	56
		_dio_u8_read_pin_value		CODE           	07E0	0000	27
		_dio_vid_set_port_value		CODE           	161F	0000	46
		_dio_vid_set_pin_direction		CODE           	060A	0000	246

dio.c estimated size: 643

i2c.c
		_i2c_vid_start 		CODE           	1456	0000	10
		_i2c_u8_master_write_byte		CODE           	14A8	0000	19
		_i2c_u8_master_write_slave_address_with_write_req		CODE           	1510	0000	26
		_i2c_vid_master_init		CODE           	15F3	0000	45
		_i2c_u8_master_read_byte		CODE           	14E2	0000	24
		_i2c_vid_restart		CODE           	144D	0000	10
		_i2c_u8_master_write_slave_address_with_read_req		CODE           	14BA	0000	20
		_i2c_vid_nack  		CODE           	1473	0000	13
		_i2c_vid_wait  		CODE           	0801	0000	14
		_i2c_vid_stop  		CODE           	145F	0000	10

i2c.c estimated size: 191

switch.c
		_switch_vid_init		CODE           	15C8	0000	44
		_switch_u8_get_state		CODE           	148B	0000	13
		_switch_vid_update		CODE           	03C9	0000	296

switch.c estimated size: 353

C:\Program Files (x86)\Microchip\xc8\v2.10\pic\sources\c90\common\sprcmul.c
		___flmul       		CODE           	0068	0000	866

C:\Program Files (x86)\Microchip\xc8\v2.10\pic\sources\c90\common\sprcmul.c estimated size: 866

C:\Program Files (x86)\Microchip\xc8\v2.10\pic\sources\c90\common\Umul8_16.c
		__Umul8_16     		CODE           	1576	0000	42

C:\Program Files (x86)\Microchip\xc8\v2.10\pic\sources\c90\common\Umul8_16.c estimated size: 42

adc.c
		_adc_u8_get_value		CODE           	164C	0000	49
		_adc_vid_init  		CODE           	1468	0000	12

adc.c estimated size: 61

C:\Program Files (x86)\Microchip\xc8\v2.10\pic\sources\c90\common\xxtofl.c
		___xxtofl      		CODE           	0CF3	0000	189

C:\Program Files (x86)\Microchip\xc8\v2.10\pic\sources\c90\common\xxtofl.c estimated size: 189

shared
		__i1fptable    		ENTRY          	005F	0000	10
		__initialization		CODE           	0015	0000	49
		__fptable      		ENTRY          	0049	0000	23
		i1___bmul      		CODE           	14CD	0000	22

shared estimated size: 104

C:\Program Files (x86)\Microchip\xc8\v2.10\pic\sources\c90\common\lwmod.c
		___lwmod       		CODE           	16ED	0000	61

C:\Program Files (x86)\Microchip\xc8\v2.10\pic\sources\c90\common\lwmod.c estimated size: 61

display.c
		_display_vid_set_setting_mode_status		CODE           	147F	0000	13
		_display_vid_init		CODE           	0BC2	0000	147
		_display_vid_blink_heating_led		CODE           	085D	0000	83
		_display_vid_update		CODE           	04F0	0000	283

display.c estimated size: 526

C:\Program Files (x86)\Microchip\xc8\v2.10\pic\sources\c90\common\awmod.c
		___awmod       		CODE           	0909	0000	92

C:\Program Files (x86)\Microchip\xc8\v2.10\pic\sources\c90\common\awmod.c estimated size: 92

counter.c
		_counter_u8_get_counter		CODE           	1431	0000	5
		_counter_vid_init		CODE           	17B2	0000	79
		_counter_vid_update		CODE           	0DAF	0000	192

counter.c estimated size: 276

scheduler.c
		_sch_vid_init  		CODE           	159F	0000	42
		_sch_u8_add_task		CODE           	0B36	0000	141
		_sch_update    		CODE           	0F31	0000	208
		_sch_vid_delete_task		CODE           	09C9	0000	103
		_sch_vid_dispatch_tasks		CODE           	0C54	0000	160

scheduler.c estimated size: 654

main.c
		_main          		CODE           	0AAB	0000	140

main.c estimated size: 140

